<html>
<body>
<pre>
<h1>µVision Build Log</h1>
<h2>Tool Versions:</h2>
IDE-Version: ¦ÌVision V5.36.0.0
Copyright (C) 2021 ARM Ltd and ARM Germany GmbH. All rights reserved.
License Information: eric chen, tudou, LIC=8VRJ7-EFNL0-SBSEJ-UXJXY-LL22W-A1C2A
 
Tool Versions:
Toolchain:       MDK-ARM Plus  Version: 5.36.0.0
Toolchain Path:  D:\Keil_v5\ARM\ARMCC\Bin
C Compiler:      Armcc.exe V5.06 update 7 (build 960)
Assembler:       Armasm.exe V5.06 update 7 (build 960)
Linker/Locator:  ArmLink.exe V5.06 update 7 (build 960)
Library Manager: ArmAr.exe V5.06 update 7 (build 960)
Hex Converter:   FromElf.exe V5.06 update 7 (build 960)
CPU DLL:         SARMCM3.DLL V5.36.0.0
Dialog DLL:      DCM.DLL V1.17.3.0
Target DLL:      UL2CM3.DLL V1.164.0.0
Dialog DLL:      TCM.DLL V1.53.0.0
 
<h2>Project:</h2>
D:\rtttools\RT-Thread2.0.1_STM32F103ZE\RTT_F103ZE.uvprojx
Project File Date:  03/06/2022

<h2>Output:</h2>
*** Using Compiler 'V5.06 update 7 (build 960)', folder: 'D:\Keil_v5\ARM\ARMCC\Bin'
Rebuild target 'RT-Thread_STM32F103ZE'
Note: source file '.\bsp\Libraries\STM32F10x_StdPeriph_Driver\src\stm32f10x_adc.c' - object file renamed from '.\MDK-OBJ\stm32f10x_adc.o' to '.\MDK-OBJ\stm32f10x_adc_1.o'.
Note: source file '.\bsp\Libraries\STM32F10x_StdPeriph_Driver\src\stm32f10x_rcc.c' - object file renamed from '.\MDK-OBJ\stm32f10x_rcc.o' to '.\MDK-OBJ\stm32f10x_rcc_1.o'.
compiling misc.c...
compiling startup.c...
compiling stm32f10x_cec.c...
compiling stm32f10x_bkp.c...
compiling application.c...
compiling stm32f10x_adc.c...
compiling stm32f10x_can.c...
compiling stm32f10x_dbgmcu.c...
compiling stm32f10x_dac.c...
compiling stm32f10x_exti.c...
compiling stm32f10x_crc.c...
compiling stm32f10x_flash.c...
compiling stm32f10x_dma.c...
compiling stm32f10x_fsmc.c...
compiling stm32f10x_iwdg.c...
compiling stm32f10x_pwr.c...
compiling stm32f10x_gpio.c...
compiling stm32f10x_rtc.c...
compiling stm32f10x_i2c.c...
compiling stm32f10x_rcc.c...
compiling stm32f10x_sdio.c...
assembling startup_stm32f10x_hd.s...
compiling core_cm3.c...
compiling components.c...
compiling stm32f10x_wwdg.c...
compiling stm32f10x_spi.c...
compiling system_stm32f10x.c...
compiling completion.c...
compiling stm32f10x_usart.c...
compiling stm32f10x_it.c...
compiling portal.c...
compiling dataqueue.c...
compiling pipe.c...
compiling ringbuffer.c...
compiling workqueue.c...
compiling div0.c...
compiling backtrace.c...
compiling showmem.c...
compiling serial.c...
assembling context_rvds.S...
compiling cpuport.c...
compiling clock.c...
compiling idle.c...
compiling device.c...
compiling irq.c...
compiling stm32f10x_tim.c...
compiling kservice.c...
compiling ipc.c...
compiling module.c...
compiling memheap.c...
compiling object.c...
compiling mempool.c...
compiling mem.c...
compiling scheduler.c...
compiling slab.c...
compiling timer.c...
compiling thread.c...
compiling finsh_error.c...
compiling cmd.c...
compiling finsh_heap.c...
compiling finsh_init.c...
compiling finsh_compiler.c...
compiling finsh_node.c...
compiling finsh_parser.c...
compiling finsh_ops.c...
compiling finsh_var.c...
compiling finsh_token.c...
compiling finsh_vm.c...
compiling msh.c...
compiling msh_cmd.c...
compiling symbol.c...
compiling shell.c...
compiling usart.c...
compiling board.c...
compiling led.c...
linking...
Program Size: Code=45530 RO-data=4458 RW-data=468 ZI-data=5916  
FromELF: creating hex file...
".\MDK-OBJ\RTT_F103ZE.axf" - 0 Error(s), 0 Warning(s).

<h2>Software Packages used:</h2>

Package Vendor: Keil
                http://www.keil.com/pack/Keil.STM32F1xx_DFP.2.4.0.pack
                Keil.STM32F1xx_DFP.2.4.0
                STMicroelectronics STM32F1 Series Device Support, Drivers and Examples

<h2>Collection of Component include folders:</h2>
  D:\Keil_v5\Arm\Packs\Keil\STM32F1xx_DFP\2.4.0\Device\Include

<h2>Collection of Component Files used:</h2>
Build Time Elapsed:  00:00:06
</pre>
</body>
</html>
