Component: ARM Compiler 5.06 update 7 (build 960) Tool: armlink [4d3601]

==============================================================================

Section Cross References

    application.o(i.led_thread_entry) refers to led.o(i.rt_hw_led_init) for rt_hw_led_init
    application.o(i.led_thread_entry) refers to led.o(i.rt_hw_led_on) for rt_hw_led_on
    application.o(i.led_thread_entry) refers to thread.o(i.rt_thread_delay) for rt_thread_delay
    application.o(i.led_thread_entry) refers to led.o(i.rt_hw_led_off) for rt_hw_led_off
    application.o(i.rt_application_init) refers to thread.o(i.rt_thread_init) for rt_thread_init
    application.o(i.rt_application_init) refers to thread.o(i.rt_thread_startup) for rt_thread_startup
    application.o(i.rt_application_init) refers to thread.o(i.rt_thread_create) for rt_thread_create
    application.o(i.rt_application_init) refers to application.o(.bss) for led_stack
    application.o(i.rt_application_init) refers to application.o(i.led_thread_entry) for led_thread_entry
    application.o(i.rt_application_init) refers to application.o(i.rt_init_thread_entry) for rt_init_thread_entry
    application.o(i.rt_init_thread_entry) refers to components.o(i.rt_components_init) for rt_components_init
    application.o(i.rt_init_thread_entry) refers to shell.o(i.finsh_set_device) for finsh_set_device
    startup.o(i.assert_failed) refers to kservice.o(i.rt_kprintf) for rt_kprintf
    startup.o(i.main) refers to context_rvds.o(.text) for rt_hw_interrupt_disable
    startup.o(i.main) refers to startup.o(i.rtthread_startup) for rtthread_startup
    startup.o(i.rtthread_startup) refers to board.o(i.rt_hw_board_init) for rt_hw_board_init
    startup.o(i.rtthread_startup) refers to kservice.o(i.rt_show_version) for rt_show_version
    startup.o(i.rtthread_startup) refers to mem.o(i.rt_system_heap_init) for rt_system_heap_init
    startup.o(i.rtthread_startup) refers to scheduler.o(i.rt_system_scheduler_init) for rt_system_scheduler_init
    startup.o(i.rtthread_startup) refers to timer.o(i.rt_system_timer_init) for rt_system_timer_init
    startup.o(i.rtthread_startup) refers to timer.o(i.rt_system_timer_thread_init) for rt_system_timer_thread_init
    startup.o(i.rtthread_startup) refers to application.o(i.rt_application_init) for rt_application_init
    startup.o(i.rtthread_startup) refers to idle.o(i.rt_thread_idle_init) for rt_thread_idle_init
    startup.o(i.rtthread_startup) refers to scheduler.o(i.rt_system_scheduler_start) for rt_system_scheduler_start
    misc.o(i.NVIC_Init) refers to startup.o(i.assert_failed) for assert_failed
    misc.o(i.NVIC_PriorityGroupConfig) refers to startup.o(i.assert_failed) for assert_failed
    misc.o(i.NVIC_SetVectorTable) refers to startup.o(i.assert_failed) for assert_failed
    misc.o(i.NVIC_SystemLPConfig) refers to startup.o(i.assert_failed) for assert_failed
    misc.o(i.SysTick_CLKSourceConfig) refers to startup.o(i.assert_failed) for assert_failed
    stm32f10x_adc_1.o(i.ADC_AnalogWatchdogCmd) refers to startup.o(i.assert_failed) for assert_failed
    stm32f10x_adc_1.o(i.ADC_AnalogWatchdogSingleChannelConfig) refers to startup.o(i.assert_failed) for assert_failed
    stm32f10x_adc_1.o(i.ADC_AnalogWatchdogThresholdsConfig) refers to startup.o(i.assert_failed) for assert_failed
    stm32f10x_adc_1.o(i.ADC_AutoInjectedConvCmd) refers to startup.o(i.assert_failed) for assert_failed
    stm32f10x_adc_1.o(i.ADC_ClearFlag) refers to startup.o(i.assert_failed) for assert_failed
    stm32f10x_adc_1.o(i.ADC_ClearITPendingBit) refers to startup.o(i.assert_failed) for assert_failed
    stm32f10x_adc_1.o(i.ADC_Cmd) refers to startup.o(i.assert_failed) for assert_failed
    stm32f10x_adc_1.o(i.ADC_DMACmd) refers to startup.o(i.assert_failed) for assert_failed
    stm32f10x_adc_1.o(i.ADC_DeInit) refers to startup.o(i.assert_failed) for assert_failed
    stm32f10x_adc_1.o(i.ADC_DeInit) refers to stm32f10x_rcc_1.o(i.RCC_APB2PeriphResetCmd) for RCC_APB2PeriphResetCmd
    stm32f10x_adc_1.o(i.ADC_DiscModeChannelCountConfig) refers to startup.o(i.assert_failed) for assert_failed
    stm32f10x_adc_1.o(i.ADC_DiscModeCmd) refers to startup.o(i.assert_failed) for assert_failed
    stm32f10x_adc_1.o(i.ADC_ExternalTrigConvCmd) refers to startup.o(i.assert_failed) for assert_failed
    stm32f10x_adc_1.o(i.ADC_ExternalTrigInjectedConvCmd) refers to startup.o(i.assert_failed) for assert_failed
    stm32f10x_adc_1.o(i.ADC_ExternalTrigInjectedConvConfig) refers to startup.o(i.assert_failed) for assert_failed
    stm32f10x_adc_1.o(i.ADC_GetCalibrationStatus) refers to startup.o(i.assert_failed) for assert_failed
    stm32f10x_adc_1.o(i.ADC_GetConversionValue) refers to startup.o(i.assert_failed) for assert_failed
    stm32f10x_adc_1.o(i.ADC_GetFlagStatus) refers to startup.o(i.assert_failed) for assert_failed
    stm32f10x_adc_1.o(i.ADC_GetITStatus) refers to startup.o(i.assert_failed) for assert_failed
[...]

    BuildAttributes$$THM_ISAv4$P$D$K$B$S$PE$A:L22UL41UL21$X:L11$S22US41US21$IEEE1$IW$USESV6$~STKCKD$USESV7$~SHL$OSPACE$EBA8$MICROLIB$REQ8$PRES8$EABIv2 0x00000000   Number         0  anon$$obj.o ABSOLUTE
    __ARM_use_no_argv                        0x00000000   Number         0  startup.o ABSOLUTE
    __arm_fini_                               - Undefined Weak Reference
    __cpp_initialize__aeabi_                  - Undefined Weak Reference
    __cxa_finalize                            - Undefined Weak Reference
    _clock_init                               - Undefined Weak Reference
    _microlib_exit                            - Undefined Weak Reference
    __Vectors_Size                           0x00000130   Number         0  startup_stm32f10x_hd.o ABSOLUTE
    __Vectors                                0x08000000   Data           4  startup_stm32f10x_hd.o(RESET)
    __Vectors_End                            0x08000130   Data           0  startup_stm32f10x_hd.o(RESET)
    __main                                   0x08000131   Thumb Code     0  entry.o(.ARM.Collect$$$$00000000)
    _main_stk                                0x08000131   Thumb Code     0  entry2.o(.ARM.Collect$$$$00000001)
    _main_scatterload                        0x08000135   Thumb Code     0  entry5.o(.ARM.Collect$$$$00000004)
    __main_after_scatterload                 0x08000139   Thumb Code     0  entry5.o(.ARM.Collect$$$$00000004)
    _main_clock                              0x08000139   Thumb Code     0  entry7b.o(.ARM.Collect$$$$00000008)
    _main_cpp_init                           0x08000139   Thumb Code     0  entry8b.o(.ARM.Collect$$$$0000000A)
    _main_init                               0x08000139   Thumb Code     0  entry9a.o(.ARM.Collect$$$$0000000B)
    __rt_lib_shutdown_fini                   0x08000141   Thumb Code     0  entry12b.o(.ARM.Collect$$$$0000000E)
    __rt_final_cpp                           0x08000145   Thumb Code     0  entry10a.o(.ARM.Collect$$$$0000000F)
    __rt_final_exit                          0x08000145   Thumb Code     0  entry11a.o(.ARM.Collect$$$$00000011)
    Reset_Handler                            0x08000149   Thumb Code     8  startup_stm32f10x_hd.o(.text)
    ADC1_2_IRQHandler                        0x08000163   Thumb Code     0  startup_stm32f10x_hd.o(.text)
    ADC3_IRQHandler                          0x08000163   Thumb Code     0  startup_stm32f10x_hd.o(.text)
    CAN1_RX1_IRQHandler                      0x08000163   Thumb Code     0  startup_stm32f10x_hd.o(.text)
    CAN1_SCE_IRQHandler                      0x08000163   Thumb Code     0  startup_stm32f10x_hd.o(.text)
    DMA1_Channel1_IRQHandler                 0x08000163   Thumb Code     0  startup_stm32f10x_hd.o(.text)
    DMA1_Channel2_IRQHandler                 0x08000163   Thumb Code     0  startup_stm32f10x_hd.o(.text)
    DMA1_Channel3_IRQHandler                 0x08000163   Thumb Code     0  startup_stm32f10x_hd.o(.text)
    DMA1_Channel4_IRQHandler                 0x08000163   Thumb Code     0  startup_stm32f10x_hd.o(.text)
    DMA1_Channel5_IRQHandler                 0x08000163   Thumb Code     0  startup_stm32f10x_hd.o(.text)
    DMA1_Channel6_IRQHandler                 0x08000163   Thumb Code     0  startup_stm32f10x_hd.o(.text)
    DMA1_Channel7_IRQHandler                 0x08000163   Thumb Code     0  startup_stm32f10x_hd.o(.text)
    DMA2_Channel1_IRQHandler                 0x08000163   Thumb Code     0  startup_stm32f10x_hd.o(.text)
    DMA2_Channel2_IRQHandler                 0x08000163   Thumb Code     0  startup_stm32f10x_hd.o(.text)
    DMA2_Channel3_IRQHandler                 0x08000163   Thumb Code     0  startup_stm32f10x_hd.o(.text)
    DMA2_Channel4_5_IRQHandler               0x08000163   Thumb Code     0  startup_stm32f10x_hd.o(.text)
    EXTI0_IRQHandler                         0x08000163   Thumb Code     0  startup_stm32f10x_hd.o(.text)
    EXTI15_10_IRQHandler                     0x08000163   Thumb Code     0  startup_stm32f10x_hd.o(.text)
    EXTI1_IRQHandler                         0x08000163   Thumb Code     0  startup_stm32f10x_hd.o(.text)
    EXTI2_IRQHandler                         0x08000163   Thumb Code     0  startup_stm32f10x_hd.o(.text)
    EXTI3_IRQHandler                         0x08000163   Thumb Code     0  startup_stm32f10x_hd.o(.text)
    EXTI4_IRQHandler                         0x08000163   Thumb Code     0  startup_stm32f10x_hd.o(.text)
    EXTI9_5_IRQHandler                       0x08000163   Thumb Code     0  startup_stm32f10x_hd.o(.text)
    FLASH_IRQHandler                         0x08000163   Thumb Code     0  startup_stm32f10x_hd.o(.text)
    FSMC_IRQHandler                          0x08000163   Thumb Code     0  startup_stm32f10x_hd.o(.text)
    I2C1_ER_IRQHandler                       0x08000163   Thumb Code     0  startup_stm32f10x_hd.o(.text)
    I2C1_EV_IRQHandler                       0x08000163   Thumb Code     0  startup_stm32f10x_hd.o(.text)
    I2C2_ER_IRQHandler                       0x08000163   Thumb Code     0  startup_stm32f10x_hd.o(.text)
    I2C2_EV_IRQHandler                       0x08000163   Thumb Code     0  startup_stm32f10x_hd.o(.text)
    PVD_IRQHandler                           0x08000163   Thumb Code     0  startup_stm32f10x_hd.o(.text)
    RCC_IRQHandler                           0x08000163   Thumb Code     0  startup_stm32f10x_hd.o(.text)
    RTCAlarm_IRQHandler                      0x08000163   Thumb Code     0  startup_stm32f10x_hd.o(.text)
    RTC_IRQHandler                           0x08000163   Thumb Code     0  startup_stm32f10x_hd.o(.text)
    SDIO_IRQHandler                          0x08000163   Thumb Code     0  startup_stm32f10x_hd.o(.text)
    SPI1_IRQHandler                          0x08000163   Thumb Code     0  startup_stm32f10x_hd.o(.text)
    SPI2_IRQHandler                          0x08000163   Thumb Code     0  startup_stm32f10x_hd.o(.text)
    SPI3_IRQHandler                          0x08000163   Thumb Code     0  startup_stm32f10x_hd.o(.text)
    TAMPER_IRQHandler                        0x08000163   Thumb Code     0  startup_stm32f10x_hd.o(.text)
    TIM1_BRK_IRQHandler                      0x08000163   Thumb Code     0  startup_stm32f10x_hd.o(.text)
    TIM1_CC_IRQHandler                       0x08000163   Thumb Code     0  startup_stm32f10x_hd.o(.text)
    TIM1_TRG_COM_IRQHandler                  0x08000163   Thumb Code     0  startup_stm32f10x_hd.o(.text)
    TIM1_UP_IRQHandler                       0x08000163   Thumb Code     0  startup_stm32f10x_hd.o(.text)
    TIM2_IRQHandler                          0x08000163   Thumb Code     0  startup_stm32f10x_hd.o(.text)
    TIM3_IRQHandler                          0x08000163   Thumb Code     0  startup_stm32f10x_hd.o(.text)
    TIM4_IRQHandler                          0x08000163   Thumb Code     0  startup_stm32f10x_hd.o(.text)
    TIM5_IRQHandler                          0x08000163   Thumb Code     0  startup_stm32f10x_hd.o(.text)
    TIM6_IRQHandler                          0x08000163   Thumb Code     0  startup_stm32f10x_hd.o(.text)
    TIM7_IRQHandler                          0x08000163   Thumb Code     0  startup_stm32f10x_hd.o(.text)
    TIM8_BRK_IRQHandler                      0x08000163   Thumb Code     0  startup_stm32f10x_hd.o(.text)
    TIM8_CC_IRQHandler                       0x08000163   Thumb Code     0  startup_stm32f10x_hd.o(.text)
    TIM8_TRG_COM_IRQHandler                  0x08000163   Thumb Code     0  startup_stm32f10x_hd.o(.text)
    TIM8_UP_IRQHandler                       0x08000163   Thumb Code     0  startup_stm32f10x_hd.o(.text)
    UART4_IRQHandler                         0x08000163   Thumb Code     0  startup_stm32f10x_hd.o(.text)
    UART5_IRQHandler                         0x08000163   Thumb Code     0  startup_stm32f10x_hd.o(.text)
    USBWakeUp_IRQHandler                     0x08000163   Thumb Code     0  startup_stm32f10x_hd.o(.text)
    USB_HP_CAN1_TX_IRQHandler                0x08000163   Thumb Code     0  startup_stm32f10x_hd.o(.text)
    USB_LP_CAN1_RX0_IRQHandler               0x08000163   Thumb Code     0  startup_stm32f10x_hd.o(.text)
    WWDG_IRQHandler                          0x08000163   Thumb Code     0  startup_stm32f10x_hd.o(.text)
    rt_hw_interrupt_disable                  0x0800016d   Thumb Code     8  context_rvds.o(.text)
    rt_hw_interrupt_enable                   0x08000175   Thumb Code     6  context_rvds.o(.text)
    rt_hw_context_switch                     0x0800017b   Thumb Code    32  context_rvds.o(.text)
    rt_hw_context_switch_interrupt           0x0800017b   Thumb Code     0  context_rvds.o(.text)
    PendSV_Handler                           0x0800019b   Thumb Code    60  context_rvds.o(.text)
    rt_hw_context_switch_to                  0x080001d7   Thumb Code    56  context_rvds.o(.text)
    rt_hw_interrupt_thread_switch            0x0800020f   Thumb Code     2  context_rvds.o(.text)
    HardFault_Handler                        0x08000211   Thumb Code    48  context_rvds.o(.text)
    __aeabi_memcpy                           0x08000259   Thumb Code    36  memcpya.o(.text)
    __aeabi_memcpy4                          0x08000259   Thumb Code     0  memcpya.o(.text)
    __aeabi_memcpy8                          0x08000259   Thumb Code     0  memcpya.o(.text)
    __aeabi_memset                           0x0800027d   Thumb Code    14  memseta.o(.text)
    __aeabi_memset4                          0x0800027d   Thumb Code     0  memseta.o(.text)
    __aeabi_memset8                          0x0800027d   Thumb Code     0  memseta.o(.text)
    __aeabi_memclr                           0x0800028b   Thumb Code     4  memseta.o(.text)
    __aeabi_memclr4                          0x0800028b   Thumb Code     0  memseta.o(.text)
    __aeabi_memclr8                          0x0800028b   Thumb Code     0  memseta.o(.text)
    _memset$wrapper                          0x0800028f   Thumb Code    18  memseta.o(.text)
    strncpy                                  0x080002a1   Thumb Code    24  strncpy.o(.text)
    strlen                                   0x080002b9   Thumb Code    14  strlen.o(.text)
    strcmp                                   0x080002c7   Thumb Code    28  strcmp.o(.text)
    strncmp                                  0x080002e3   Thumb Code    30  strncmp.o(.text)
    atoi                                     0x08000301   Thumb Code    26  atoi.o(.text)
    strtol                                   0x0800031b   Thumb Code   112  strtol.o(.text)
    __scatterload                            0x0800038d   Thumb Code    28  init.o(.text)
    __scatterload_rt2                        0x0800038d   Thumb Code     0  init.o(.text)
    __rt_ctype_table                         0x080003b1   Thumb Code     4  ctype_o.o(.text)
    _strtoul                                 0x080003b9   Thumb Code   158  _strtoul.o(.text)
    _chval                                   0x08000457   Thumb Code    28  _chval.o(.text)
    __decompress                             0x08000473   Thumb Code     0  __dczerorl2.o(.text)
    __decompress1                            0x08000473   Thumb Code    86  __dczerorl2.o(.text)
    BusFault_Handler                         0x080004c9   Thumb Code     4  stm32f10x_it.o(i.BusFault_Handler)
    DebugMon_Handler                         0x080004cd   Thumb Code     2  stm32f10x_it.o(i.DebugMon_Handler)
    GPIO_Init                                0x08000561   Thumb Code   378  stm32f10x_gpio.o(i.GPIO_Init)
    GPIO_ResetBits                           0x08000739   Thumb Code    82  stm32f10x_gpio.o(i.GPIO_ResetBits)
    GPIO_SetBits                             0x080007e9   Thumb Code    82  stm32f10x_gpio.o(i.GPIO_SetBits)
    MemManage_Handler                        0x08000899   Thumb Code     4  stm32f10x_it.o(i.MemManage_Handler)
    NMI_Handler                              0x0800089d   Thumb Code     2  stm32f10x_it.o(i.NMI_Handler)
    NVIC_Configuration                       0x0800089f   Thumb Code    14  board.o(i.NVIC_Configuration)
    NVIC_Init                                0x080008d1   Thumb Code   158  misc.o(i.NVIC_Init)
    NVIC_SetVectorTable                      0x080009b1   Thumb Code    58  misc.o(i.NVIC_SetVectorTable)
    OP_add_byte                              0x08000a2d   Thumb Code    42  finsh_ops.o(i.OP_add_byte)
    OP_add_dword                             0x08000a5d   Thumb Code    42  finsh_ops.o(i.OP_add_dword)
    OP_add_word                              0x08000a8d   Thumb Code    44  finsh_ops.o(i.OP_add_word)
    OP_and_byte                              0x08000abd   Thumb Code    42  finsh_ops.o(i.OP_and_byte)
    OP_and_dword                             0x08000aed   Thumb Code    42  finsh_ops.o(i.OP_and_dword)
    OP_and_word                              0x08000b1d   Thumb Code    42  finsh_ops.o(i.OP_and_word)
    OP_bw_byte                               0x08000b4d   Thumb Code    20  finsh_ops.o(i.OP_bw_byte)
    OP_bw_dword                              0x08000b65   Thumb Code    20  finsh_ops.o(i.OP_bw_dword)
    OP_bw_word                               0x08000b7d   Thumb Code    20  finsh_ops.o(i.OP_bw_word)
    OP_call                                  0x08000b95   Thumb Code   898  finsh_ops.o(i.OP_call)
    OP_div_byte                              0x08000f21   Thumb Code    44  finsh_ops.o(i.OP_div_byte)
    OP_div_dword                             0x08000f51   Thumb Code    44  finsh_ops.o(i.OP_div_dword)
    OP_div_word                              0x08000f81   Thumb Code    46  finsh_ops.o(i.OP_div_word)
    OP_ld_byte                               0x08000fb5   Thumb Code    34  finsh_ops.o(i.OP_ld_byte)
    OP_ld_dword                              0x08000fe1   Thumb Code    64  finsh_ops.o(i.OP_ld_dword)
    OP_ld_value_byte                         0x08001029   Thumb Code    66  finsh_ops.o(i.OP_ld_value_byte)
    OP_ld_value_byte_stack                   0x08001075   Thumb Code    20  finsh_ops.o(i.OP_ld_value_byte_stack)
    OP_ld_value_dword                        0x0800108d   Thumb Code    66  finsh_ops.o(i.OP_ld_value_dword)
    OP_ld_value_dword_stack                  0x080010d9   Thumb Code    20  finsh_ops.o(i.OP_ld_value_dword_stack)
    OP_ld_value_word                         0x080010f1   Thumb Code    66  finsh_ops.o(i.OP_ld_value_word)
    OP_ld_value_word_stack                   0x0800113d   Thumb Code    20  finsh_ops.o(i.OP_ld_value_word_stack)
    OP_ld_word                               0x08001155   Thumb Code    46  finsh_ops.o(i.OP_ld_word)
    OP_mod_byte                              0x0800118d   Thumb Code    48  finsh_ops.o(i.OP_mod_byte)
    OP_mod_dword                             0x080011c1   Thumb Code    48  finsh_ops.o(i.OP_mod_dword)
    OP_mod_word                              0x080011f5   Thumb Code    48  finsh_ops.o(i.OP_mod_word)
    OP_mul_byte                              0x08001229   Thumb Code    42  finsh_ops.o(i.OP_mul_byte)
    OP_mul_dword                             0x08001259   Thumb Code    42  finsh_ops.o(i.OP_mul_dword)
    OP_mul_word                              0x08001289   Thumb Code    44  finsh_ops.o(i.OP_mul_word)
    OP_no_op                                 0x080012b9   Thumb Code     2  finsh_ops.o(i.OP_no_op)
    OP_or_byte                               0x080012bd   Thumb Code    42  finsh_ops.o(i.OP_or_byte)
    OP_or_dword                              0x080012ed   Thumb Code    42  finsh_ops.o(i.OP_or_dword)
    OP_or_word                               0x0800131d   Thumb Code    42  finsh_ops.o(i.OP_or_word)
    OP_pop                                   0x0800134d   Thumb Code    12  finsh_ops.o(i.OP_pop)
    OP_shl_byte                              0x0800135d   Thumb Code    42  finsh_ops.o(i.OP_shl_byte)
    OP_shl_dword                             0x0800138d   Thumb Code    42  finsh_ops.o(i.OP_shl_dword)
    OP_shl_word                              0x080013bd   Thumb Code    44  finsh_ops.o(i.OP_shl_word)
    OP_shr_byte                              0x080013ed   Thumb Code    42  finsh_ops.o(i.OP_shr_byte)
    OP_shr_dword                             0x0800141d   Thumb Code    42  finsh_ops.o(i.OP_shr_dword)
    OP_shr_word                              0x0800144d   Thumb Code    42  finsh_ops.o(i.OP_shr_word)
    OP_st_byte                               0x0800147d   Thumb Code    30  finsh_ops.o(i.OP_st_byte)
    OP_st_dword                              0x080014a1   Thumb Code    30  finsh_ops.o(i.OP_st_dword)
    OP_st_word                               0x080014c5   Thumb Code    30  finsh_ops.o(i.OP_st_word)
    OP_sub_byte                              0x080014e9   Thumb Code    42  finsh_ops.o(i.OP_sub_byte)
    OP_sub_dword                             0x08001519   Thumb Code    42  finsh_ops.o(i.OP_sub_dword)
    OP_sub_word                              0x08001549   Thumb Code    44  finsh_ops.o(i.OP_sub_word)
    OP_xor_byte                              0x08001579   Thumb Code    42  finsh_ops.o(i.OP_xor_byte)
    OP_xor_dword                             0x080015a9   Thumb Code    42  finsh_ops.o(i.OP_xor_dword)
    OP_xor_word                              0x080015d9   Thumb Code    42  finsh_ops.o(i.OP_xor_word)
    RCC_APB1PeriphClockCmd                   0x08001609   Thumb Code    70  stm32f10x_rcc_1.o(i.RCC_APB1PeriphClockCmd)
    RCC_APB2PeriphClockCmd                   0x08001699   Thumb Code    70  stm32f10x_rcc_1.o(i.RCC_APB2PeriphClockCmd)
    RCC_GetClocksFreq                        0x0800175d   Thumb Code   192  stm32f10x_rcc_1.o(i.RCC_GetClocksFreq)
    SVC_Handler                              0x08001831   Thumb Code     2  stm32f10x_it.o(i.SVC_Handler)
    SysTick_Handler                          0x0800191d   Thumb Code    16  board.o(i.SysTick_Handler)
    SystemInit                               0x0800192d   Thumb Code    78  system_stm32f10x.o(i.SystemInit)
    USART1_IRQHandler                        0x0800198d   Thumb Code    84  usart.o(i.USART1_IRQHandler)
    USART2_IRQHandler                        0x080019e9   Thumb Code    84  usart.o(i.USART2_IRQHandler)
    USART3_IRQHandler                        0x08001a45   Thumb Code    84  usart.o(i.USART3_IRQHandler)
    USART_ClearITPendingBit                  0x08001aa1   Thumb Code   152  stm32f10x_usart.o(i.USART_ClearITPendingBit)
    USART_Cmd                                0x08001b8d   Thumb Code    90  stm32f10x_usart.o(i.USART_Cmd)
    USART_GetFlagStatus                      0x08001c3d   Thumb Code   158  stm32f10x_usart.o(i.USART_GetFlagStatus)
    USART_GetITStatus                        0x08001d31   Thumb Code   252  stm32f10x_usart.o(i.USART_GetITStatus)
    USART_ITConfig                           0x08001e81   Thumb Code   248  stm32f10x_usart.o(i.USART_ITConfig)
    USART_Init                               0x08001fcd   Thumb Code   450  stm32f10x_usart.o(i.USART_Init)
    UsageFault_Handler                       0x080021e9   Thumb Code     4  stm32f10x_it.o(i.UsageFault_Handler)
    __aeabi_errno_addr                       0x080021ed   Thumb Code     4  errno.o(i.__aeabi_errno_addr)
    __rt_errno_addr                          0x080021ed   Thumb Code     0  errno.o(i.__aeabi_errno_addr)
    __rt_ffs                                 0x080021f5   Thumb Code    70  kservice.o(i.__rt_ffs)
    __scatterload_copy                       0x08002241   Thumb Code    14  handlers.o(i.__scatterload_copy)
    __scatterload_null                       0x0800224f   Thumb Code     2  handlers.o(i.__scatterload_null)
    __scatterload_zeroinit                   0x08002251   Thumb Code    14  handlers.o(i.__scatterload_zeroinit)
    assert_failed                            0x08003099   Thumb Code    30  startup.o(i.assert_failed)
    finsh_compiler_run                       0x08004959   Thumb Code    88  finsh_compiler.o(i.finsh_compiler_run)
    finsh_errno                              0x080049c1   Thumb Code     6  finsh_error.o(i.finsh_errno)
    finsh_error_init                         0x080049cd   Thumb Code     8  finsh_error.o(i.finsh_error_init)
    finsh_error_set                          0x080049d9   Thumb Code    10  finsh_error.o(i.finsh_error_set)
    finsh_error_string                       0x080049e9   Thumb Code    10  finsh_error.o(i.finsh_error_string)
    finsh_flush                              0x080049f9   Thumb Code    22  finsh_init.o(i.finsh_flush)
    finsh_heap_allocate                      0x08004a11   Thumb Code   106  finsh_heap.o(i.finsh_heap_allocate)
    finsh_heap_free                          0x08004a85   Thumb Code    34  finsh_heap.o(i.finsh_heap_free)
    finsh_heap_init                          0x08004b09   Thumb Code    36  finsh_heap.o(i.finsh_heap_init)
    finsh_init                               0x08004b39   Thumb Code    30  finsh_init.o(i.finsh_init)
    finsh_node_allocate                      0x08004b59   Thumb Code    56  finsh_node.o(i.finsh_node_allocate)
    finsh_node_init                          0x08004b95   Thumb Code    16  finsh_node.o(i.finsh_node_init)
    finsh_node_new_char                      0x08004ba9   Thumb Code    30  finsh_node.o(i.finsh_node_new_char)
    finsh_node_new_id                        0x08004bc7   Thumb Code   118  finsh_node.o(i.finsh_node_new_id)
    finsh_node_new_int                       0x08004c3d   Thumb Code    30  finsh_node.o(i.finsh_node_new_int)
    finsh_node_new_long                      0x08004c5b   Thumb Code    30  finsh_node.o(i.finsh_node_new_long)
    finsh_node_new_ptr                       0x08004c79   Thumb Code    30  finsh_node.o(i.finsh_node_new_ptr)
    finsh_node_new_string                    0x08004c97   Thumb Code    74  finsh_node.o(i.finsh_node_new_string)
    finsh_parser_init                        0x08004ce1   Thumb Code    16  finsh_parser.o(i.finsh_parser_init)
    finsh_parser_run                         0x08004cf1   Thumb Code   220  finsh_parser.o(i.finsh_parser_run)
    finsh_run_line                           0x08004dcd   Thumb Code   150  shell.o(i.finsh_run_line)
    finsh_set_device                         0x08004f01   Thumb Code   174  shell.o(i.finsh_set_device)
    finsh_stack_bottom                       0x08005011   Thumb Code     6  finsh_init.o(i.finsh_stack_bottom)
    finsh_syscall_lookup                     0x0800501d   Thumb Code    78  finsh_vm.o(i.finsh_syscall_lookup)
    finsh_system_function_init               0x08005079   Thumb Code    10  shell.o(i.finsh_system_function_init)
    finsh_system_init                        0x0800508d   Thumb Code   120  shell.o(i.finsh_system_init)
    finsh_system_var_init                    0x0800514d   Thumb Code    10  shell.o(i.finsh_system_var_init)
    finsh_sysvar_lookup                      0x08005161   Thumb Code    78  finsh_var.o(i.finsh_sysvar_lookup)
    finsh_thread_entry                       0x080051bd   Thumb Code  1546  shell.o(i.finsh_thread_entry)
    finsh_token_init                         0x080057d1   Thumb Code    20  finsh_token.o(i.finsh_token_init)
    finsh_token_token                        0x080057e5   Thumb Code    24  finsh_token.o(i.finsh_token_token)
    finsh_var_init                           0x0800595d   Thumb Code    14  finsh_var.o(i.finsh_var_init)
    finsh_var_insert                         0x08005971   Thumb Code   114  finsh_var.o(i.finsh_var_insert)
    finsh_var_lookup                         0x080059e9   Thumb Code    58  finsh_var.o(i.finsh_var_lookup)
    finsh_vm_run                             0x08005a29   Thumb Code    62  finsh_vm.o(i.finsh_vm_run)
    hello                                    0x08005afd   Thumb Code    12  cmd.o(i.hello)
    led                                      0x08005b1d   Thumb Code    86  led.o(i.led)
    list                                     0x08005b9d   Thumb Code   126  cmd.o(i.list)
    list_device                              0x08005c79   Thumb Code    10  cmd.o(i.list_device)
    list_event                               0x08005c89   Thumb Code    10  cmd.o(i.list_event)
    list_mailbox                             0x08005c99   Thumb Code    10  cmd.o(i.list_mailbox)
    list_mem                                 0x08005ca9   Thumb Code    34  mem.o(i.list_mem)
    list_mempool                             0x08005d21   Thumb Code    10  cmd.o(i.list_mempool)
    list_msgqueue                            0x08005d31   Thumb Code    10  cmd.o(i.list_msgqueue)
    list_mutex                               0x08005d41   Thumb Code    10  cmd.o(i.list_mutex)
    list_prefix                              0x08005d51   Thumb Code   434  cmd.o(i.list_prefix)
    list_sem                                 0x08005f61   Thumb Code    10  cmd.o(i.list_sem)
    list_thread                              0x08005f71   Thumb Code    10  cmd.o(i.list_thread)
    list_timer                               0x08005f81   Thumb Code    10  cmd.o(i.list_timer)
    main                                     0x08005f91   Thumb Code    14  startup.o(i.main)
    rt_application_init                      0x08006c09   Thumb Code    78  application.o(i.rt_application_init)
    rt_completion_done                       0x08006c75   Thumb Code    94  completion.o(i.rt_completion_done)
    rt_completion_init                       0x08006d11   Thumb Code    60  completion.o(i.rt_completion_init)
    rt_completion_wait                       0x08006d89   Thumb Code   256  completion.o(i.rt_completion_wait)
    rt_components_board_init                 0x08006f1d   Thumb Code    20  components.o(i.rt_components_board_init)
    rt_components_init                       0x08006f39   Thumb Code    20  components.o(i.rt_components_init)
    rt_console_get_device                    0x08006f55   Thumb Code     6  kservice.o(i.rt_console_get_device)
    rt_console_set_device                    0x08006f61   Thumb Code    48  kservice.o(i.rt_console_set_device)
    rt_data_queue_init                       0x08006f95   Thumb Code    92  dataqueue.o(i.rt_data_queue_init)
    rt_data_queue_peak                       0x08007029   Thumb Code   112  dataqueue.o(i.rt_data_queue_peak)
    rt_data_queue_pop                        0x080070d1   Thumb Code   414  dataqueue.o(i.rt_data_queue_pop)
    rt_data_queue_push                       0x080072f5   Thumb Code   314  dataqueue.o(i.rt_data_queue_push)
    rt_device_close                          0x08007491   Thumb Code    86  device.o(i.rt_device_close)
    rt_device_find                           0x0800751d   Thumb Code    76  device.o(i.rt_device_find)
    rt_device_open                           0x0800756d   Thumb Code   172  device.o(i.rt_device_open)
    rt_device_read                           0x08007699   Thumb Code    90  device.o(i.rt_device_read)
    rt_device_register                       0x08007729   Thumb Code    50  device.o(i.rt_device_register)
    rt_device_set_rx_indicate                0x0800775d   Thumb Code    44  device.o(i.rt_device_set_rx_indicate)
    rt_device_write                          0x080077bd   Thumb Code    90  device.o(i.rt_device_write)
    rt_enter_critical                        0x0800784d   Thumb Code    28  scheduler.o(i.rt_enter_critical)
    rt_exit_critical                         0x0800786d   Thumb Code    54  scheduler.o(i.rt_exit_critical)
    rt_free                                  0x080078a9   Thumb Code   338  mem.o(i.rt_free)
    rt_hw_board_init                         0x08007abd   Thumb Code   100  board.o(i.rt_hw_board_init)
    rt_hw_console_output                     0x08007b35   Thumb Code     2  kservice.o(i.rt_hw_console_output)
    rt_hw_hard_fault_exception               0x08007b39   Thumb Code   198  cpuport.o(i.rt_hw_hard_fault_exception)
    rt_hw_led_init                           0x08007d41   Thumb Code    52  led.o(i.rt_hw_led_init)
    rt_hw_led_off                            0x08007d7d   Thumb Code    38  led.o(i.rt_hw_led_off)
    rt_hw_led_on                             0x08007dad   Thumb Code    38  led.o(i.rt_hw_led_on)
    rt_hw_serial_isr                         0x08007ddd   Thumb Code   318  serial.o(i.rt_hw_serial_isr)
    rt_hw_serial_register                    0x08007f55   Thumb Code    94  serial.o(i.rt_hw_serial_register)
    rt_hw_stack_init                         0x08008005   Thumb Code    70  cpuport.o(i.rt_hw_stack_init)
    rt_hw_usart_init                         0x08008051   Thumb Code   152  usart.o(i.rt_hw_usart_init)
    rt_init_thread_entry                     0x08008121   Thumb Code    16  application.o(i.rt_init_thread_entry)
    rt_interrupt_enter                       0x08008139   Thumb Code    30  irq.o(i.rt_interrupt_enter)
    rt_interrupt_get_nest                    0x0800815d   Thumb Code     6  irq.o(i.rt_interrupt_get_nest)
    rt_interrupt_leave                       0x08008169   Thumb Code    30  irq.o(i.rt_interrupt_leave)
    rt_kprintf                               0x08008221   Thumb Code    96  kservice.o(i.rt_kprintf)
    rt_malloc                                0x08008371   Thumb Code   610  mem.o(i.rt_malloc)
    rt_memmove                               0x080086a1   Thumb Code    66  kservice.o(i.rt_memmove)
    rt_memset                                0x080086e3   Thumb Code    72  kservice.o(i.rt_memset)
    rt_object_allocate                       0x0800872d   Thumb Code   150  object.o(i.rt_object_allocate)
    rt_object_delete                         0x08008819   Thumb Code   120  object.o(i.rt_object_delete)
    rt_object_detach                         0x080088f9   Thumb Code    74  object.o(i.rt_object_detach)
    rt_object_init                           0x08008981   Thumb Code    76  object.o(i.rt_object_init)
    rt_object_is_systemobject                0x080089d5   Thumb Code    52  object.o(i.rt_object_is_systemobject)
    rt_schedule                              0x08008a41   Thumb Code   134  scheduler.o(i.rt_schedule)
    rt_schedule_insert_thread                0x08008ae5   Thumb Code   100  scheduler.o(i.rt_schedule_insert_thread)
    rt_schedule_remove_thread                0x08008b89   Thumb Code   112  scheduler.o(i.rt_schedule_remove_thread)
    rt_sem_init                              0x08008c39   Thumb Code    64  ipc.o(i.rt_sem_init)
    rt_sem_release                           0x08008cad   Thumb Code    80  ipc.o(i.rt_sem_release)
    rt_sem_take                              0x08008d01   Thumb Code   324  ipc.o(i.rt_sem_take)
    rt_set_errno                             0x08009561   Thumb Code    36  kservice.o(i.rt_set_errno)
    rt_show_version                          0x08009589   Thumb Code    38  kservice.o(i.rt_show_version)
    rt_strlen                                0x08009639   Thumb Code    18  kservice.o(i.rt_strlen)
    rt_strncmp                               0x0800964b   Thumb Code    40  kservice.o(i.rt_strncmp)
    rt_strncpy                               0x08009673   Thumb Code    52  kservice.o(i.rt_strncpy)
    rt_system_heap_init                      0x080096a9   Thumb Code   222  mem.o(i.rt_system_heap_init)
    rt_system_scheduler_init                 0x0800982d   Thumb Code    56  scheduler.o(i.rt_system_scheduler_init)
    rt_system_scheduler_start                0x0800987d   Thumb Code    36  scheduler.o(i.rt_system_scheduler_start)
    rt_system_timer_init                     0x080098ad   Thumb Code    24  timer.o(i.rt_system_timer_init)
    rt_system_timer_thread_init              0x080098c9   Thumb Code     2  timer.o(i.rt_system_timer_thread_init)
    rt_thread_create                         0x080098cb   Thumb Code    80  thread.o(i.rt_thread_create)
    rt_thread_delay                          0x0800991b   Thumb Code    12  thread.o(i.rt_thread_delay)
    rt_thread_idle_excute                    0x08009995   Thumb Code   172  idle.o(i.rt_thread_idle_excute)
    rt_thread_idle_init                      0x08009a91   Thumb Code    38  idle.o(i.rt_thread_idle_init)
    rt_thread_init                           0x08009acd   Thumb Code   110  thread.o(i.rt_thread_init)
    rt_thread_resume                         0x08009b8d   Thumb Code    96  thread.o(i.rt_thread_resume)
    rt_thread_self                           0x08009c25   Thumb Code     6  thread.o(i.rt_thread_self)
    rt_thread_sleep                          0x08009c31   Thumb Code    96  thread.o(i.rt_thread_sleep)
    rt_thread_startup                        0x08009ccd   Thumb Code   116  thread.o(i.rt_thread_startup)
    rt_thread_suspend                        0x08009d99   Thumb Code    94  thread.o(i.rt_thread_suspend)
    rt_thread_timeout                        0x08009e31   Thumb Code   102  thread.o(i.rt_thread_timeout)
    rt_thread_yield                          0x08009ef5   Thumb Code    88  thread.o(i.rt_thread_yield)
    rt_tick_get                              0x08009f55   Thumb Code     6  clock.o(i.rt_tick_get)
    rt_tick_increase                         0x08009f61   Thumb Code    42  clock.o(i.rt_tick_increase)
    rt_timer_check                           0x08009f91   Thumb Code   148  timer.o(i.rt_timer_check)
    rt_timer_control                         0x0800a02d   Thumb Code    94  timer.o(i.rt_timer_control)
    rt_timer_detach                          0x0800a0c5   Thumb Code    62  timer.o(i.rt_timer_detach)
    rt_timer_init                            0x0800a13d   Thumb Code    76  timer.o(i.rt_timer_init)
    rt_timer_start                           0x0800a1c1   Thumb Code   342  timer.o(i.rt_timer_start)
    rt_timer_stop                            0x0800a381   Thumb Code    98  timer.o(i.rt_timer_stop)
    rt_vsnprintf                             0x0800a421   Thumb Code   800  kservice.o(i.rt_vsnprintf)
    rtthread_startup                         0x0800a755   Thumb Code    44  startup.o(i.rtthread_startup)
    token_get_string                         0x0800abff   Thumb Code   120  finsh_token.o(i.token_get_string)
    version                                  0x0800b301   Thumb Code    10  cmd.o(i.version)
    __lowest_bit_bitmap                      0x0800b6f6   Data         256  kservice.o(.constdata)
    __fsym_list_mem_name                     0x0800b818   Data           9  mem.o(.constdata)
    __fsym_list_mem_desc                     0x0800b821   Data          30  mem.o(.constdata)
    __fsym_hello_name                        0x0800ba38   Data           6  cmd.o(.constdata)
    __fsym_hello_desc                        0x0800ba3e   Data          16  cmd.o(.constdata)
    __fsym_version_name                      0x0800ba4e   Data           8  cmd.o(.constdata)
    __fsym_version_desc                      0x0800ba56   Data          35  cmd.o(.constdata)
    __fsym_list_thread_name                  0x0800ba79   Data          12  cmd.o(.constdata)
    __fsym_list_thread_desc                  0x0800ba85   Data          12  cmd.o(.constdata)
    __fsym_list_sem_name                     0x0800ba91   Data           9  cmd.o(.constdata)
    __fsym_list_sem_desc                     0x0800ba9a   Data          25  cmd.o(.constdata)
    __fsym_list_event_name                   0x0800bab3   Data          11  cmd.o(.constdata)
    __fsym_list_event_desc                   0x0800babe   Data          21  cmd.o(.constdata)
    __fsym_list_mutex_name                   0x0800bad3   Data          11  cmd.o(.constdata)
    __fsym_list_mutex_desc                   0x0800bade   Data          21  cmd.o(.constdata)
    __fsym_list_mailbox_name                 0x0800baf3   Data          13  cmd.o(.constdata)
    __fsym_list_mailbox_desc                 0x0800bb00   Data          24  cmd.o(.constdata)
    __fsym_list_msgqueue_name                0x0800bb18   Data          14  cmd.o(.constdata)
    __fsym_list_msgqueue_desc                0x0800bb26   Data          29  cmd.o(.constdata)
    __fsym_list_mempool_name                 0x0800bb43   Data          13  cmd.o(.constdata)
    __fsym_list_mempool_desc                 0x0800bb50   Data          27  cmd.o(.constdata)
    __fsym_list_timer_name                   0x0800bb6b   Data          11  cmd.o(.constdata)
    __fsym_list_timer_desc                   0x0800bb76   Data          21  cmd.o(.constdata)
    __fsym_list_device_name                  0x0800bb8b   Data          12  cmd.o(.constdata)
    __fsym_list_device_desc                  0x0800bb97   Data          22  cmd.o(.constdata)
    __fsym_list_name                         0x0800bbad   Data           5  cmd.o(.constdata)
    __fsym_list_desc                         0x0800bbb2   Data          26  cmd.o(.constdata)
    __vsym_dummy_name                        0x0800bbcc   Data           6  cmd.o(.constdata)
    __vsym_dummy_desc                        0x0800bbd2   Data          25  cmd.o(.constdata)
    op_table                                 0x0800bc38   Data         196  finsh_ops.o(.constdata)
    __fsym_led_name                          0x0800bd9c   Data           4  led.o(.constdata)
    __fsym_led_desc                          0x0800bda0   Data          32  led.o(.constdata)
    __ctype_table                            0x0800be10   Data         129  ctype_o.o(.constdata)
    __rt_init_rti_start                      0x0800c25c   Data           4  components.o(.rti_fn.0)
    __rt_init_rti_board_end                  0x0800c260   Data           4  components.o(.rti_fn.1.post)
    __rt_init_finsh_system_init              0x0800c264   Data           4  shell.o(.rti_fn.3)
    __rt_init_rti_end                        0x0800c268   Data           4  components.o(.rti_fn.7)
    FSymTab$$Base                            0x0800c26c   Number         0  mem.o(FSymTab)
    __fsym_list_mem                          0x0800c26c   Data          12  mem.o(FSymTab)
    __fsym_hello                             0x0800c278   Data          12  cmd.o(FSymTab)
    __fsym_version                           0x0800c284   Data          12  cmd.o(FSymTab)
    __fsym_list_thread                       0x0800c290   Data          12  cmd.o(FSymTab)
    __fsym_list_sem                          0x0800c29c   Data          12  cmd.o(FSymTab)
    __fsym_list_event                        0x0800c2a8   Data          12  cmd.o(FSymTab)
    __fsym_list_mutex                        0x0800c2b4   Data          12  cmd.o(FSymTab)
    __fsym_list_mailbox                      0x0800c2c0   Data          12  cmd.o(FSymTab)
    __fsym_list_msgqueue                     0x0800c2cc   Data          12  cmd.o(FSymTab)
    __fsym_list_mempool                      0x0800c2d8   Data          12  cmd.o(FSymTab)
    __fsym_list_timer                        0x0800c2e4   Data          12  cmd.o(FSymTab)
    __fsym_list_device                       0x0800c2f0   Data          12  cmd.o(FSymTab)
    __fsym_list                              0x0800c2fc   Data          12  cmd.o(FSymTab)
    __fsym_led                               0x0800c308   Data          12  led.o(FSymTab)
    FSymTab$$Limit                           0x0800c314   Number         0  led.o(FSymTab)
    Region$$Table$$Base                      0x0800c314   Number         0  anon$$obj.o(Region$$Table)
    Region$$Table$$Limit                     0x0800c334   Number         0  anon$$obj.o(Region$$Table)
    VSymTab$$Base                            0x0800c334   Number         0  cmd.o(VSymTab)
    __vsym_dummy                             0x0800c334   Data          16  cmd.o(VSymTab)
    VSymTab$$Limit                           0x0800c344   Number         0  cmd.o(VSymTab)
    SystemCoreClock                          0x20000014   Data           4  system_stm32f10x.o(.data)
    AHBPrescTable                            0x20000018   Data          16  system_stm32f10x.o(.data)
    rt_interrupt_from_thread                 0x20000028   Data           4  cpuport.o(.data)
    rt_interrupt_to_thread                   0x2000002c   Data           4  cpuport.o(.data)
    rt_thread_switch_interrupt_flag          0x20000030   Data           4  cpuport.o(.data)
    rt_interrupt_nest                        0x20000040   Data           1  irq.o(.data)
    rt_object_container                      0x2000006c   Data         144  object.o(.data)
    rt_object_trytake_hook                   0x20000104   Data           4  object.o(.data)
    rt_object_take_hook                      0x20000108   Data           4  object.o(.data)
    rt_object_put_hook                       0x2000010c   Data           4  object.o(.data)
    rt_current_thread                        0x20000114   Data           4  scheduler.o(.data)
    rt_current_priority                      0x20000118   Data           1  scheduler.o(.data)
    rt_thread_ready_priority_group           0x2000011c   Data           4  scheduler.o(.data)
    rt_thread_defunct                        0x20000120   Data           8  scheduler.o(.data)
    finsh_compile_sp                         0x20000140   Data           4  finsh_compiler.o(.data)
    finsh_compile_pc                         0x20000144   Data           4  finsh_compiler.o(.data)
    global_errno                             0x20000148   Data           1  finsh_error.o(.data)
    global_sysvar_list                       0x20000190   Data           4  finsh_var.o(.data)
    finsh_sp                                 0x20000194   Data           4  finsh_vm.o(.data)
    finsh_pc                                 0x20000198   Data           4  finsh_vm.o(.data)
    global_syscall_list                      0x2000019c   Data           4  finsh_vm.o(.data)
    shell                                    0x200001a0   Data           4  shell.o(.data)
    _syscall_table_begin                     0x200001a4   Data           4  symbol.o(.data)
    _syscall_table_end                       0x200001a8   Data           4  symbol.o(.data)
    _sysvar_table_begin                      0x200001ac   Data           4  symbol.o(.data)
    _sysvar_table_end                        0x200001b0   Data           4  symbol.o(.data)
    uart1                                    0x200001b8   Data           8  usart.o(.data)
    uart2                                    0x200001c0   Data           8  usart.o(.data)
    uart3                                    0x200001c8   Data           8  usart.o(.data)
    rt_thread_priority_table                 0x20000674   Data         256  scheduler.o(.bss)
    finsh_heap                               0x20000774   Data         128  finsh_heap.o(.bss)
    global_node_table                        0x200007f4   Data         320  finsh_node.o(.bss)
    global_variable                          0x20000934   Data         192  finsh_var.o(.bss)
    finsh_vm_stack                           0x200009f4   Data         256  finsh_vm.o(.bss)
    text_segment                             0x20000af4   Data         128  finsh_vm.o(.bss)
    serial1                                  0x200013f4   Data          84  usart.o(.bss)
    serial2                                  0x20001448   Data          84  usart.o(.bss)
    serial3                                  0x2000149c   Data          84  usart.o(.bss)
    Image$$RW_IRAM1$$ZI$$Limit               0x200018f0   Number         0  anon$$obj.o ABSOLUTE
    __initial_sp                             0x200018f0   Data           0  startup_stm32f10x_hd.o(STACK)



==============================================================================

Memory Map of the image

  Image Entry point : 0x08000131

  Load Region LR_IROM1 (Base: 0x08000000, Size: 0x0000c518, Max: 0x00080000, ABSOLUTE, COMPRESSED[0x0000c3f0])

    Execution Region ER_IROM1 (Exec base: 0x08000000, Load base: 0x08000000, Size: 0x0000c344, Max: 0x00080000, ABSOLUTE)

    Exec Addr    Load Addr    Size         Type   Attr      Idx    E Section Name        Object

    0x08000000   0x08000000   0x00000130   Data   RO         3222    RESET               startup_stm32f10x_hd.o
    0x08000130   0x08000130   0x00000000   Code   RO         6295  * .ARM.Collect$$$$00000000  mc_w.l(entry.o)
    0x08000130   0x08000130   0x00000004   Code   RO         6314    .ARM.Collect$$$$00000001  mc_w.l(entry2.o)
    0x08000134   0x08000134   0x00000004   Code   RO         6317    .ARM.Collect$$$$00000004  mc_w.l(entry5.o)
    0x08000138   0x08000138   0x00000000   Code   RO         6319    .ARM.Collect$$$$00000008  mc_w.l(entry7b.o)
    0x08000138   0x08000138   0x00000000   Code   RO         6321    .ARM.Collect$$$$0000000A  mc_w.l(entry8b.o)
    0x08000138   0x08000138   0x00000008   Code   RO         6322    .ARM.Collect$$$$0000000B  mc_w.l(entry9a.o)
    0x08000140   0x08000140   0x00000004   Code   RO         6329    .ARM.Collect$$$$0000000E  mc_w.l(entry12b.o)
    0x08000144   0x08000144   0x00000000   Code   RO         6324    .ARM.Collect$$$$0000000F  mc_w.l(entry10a.o)
    0x08000144   0x08000144   0x00000000   Code   RO         6326    .ARM.Collect$$$$00000011  mc_w.l(entry11a.o)
    0x08000144   0x08000144   0x00000004   Code   RO         6315    .ARM.Collect$$$$00002712  mc_w.l(entry2.o)
    0x08000148   0x08000148   0x00000024   Code   RO         3223    .text               startup_stm32f10x_hd.o
    0x0800016c   0x0800016c   0x000000ec   Code   RO         3843    .text               context_rvds.o
    0x08000258   0x08000258   0x00000024   Code   RO         6298    .text               mc_w.l(memcpya.o)
    0x0800027c   0x0800027c   0x00000024   Code   RO         6300    .text               mc_w.l(memseta.o)
    0x080002a0   0x080002a0   0x00000018   Code   RO         6302    .text               mc_w.l(strncpy.o)
    0x080002b8   0x080002b8   0x0000000e   Code   RO         6304    .text               mc_w.l(strlen.o)
    0x080002c6   0x080002c6   0x0000001c   Code   RO         6306    .text               mc_w.l(strcmp.o)
    0x080002e2   0x080002e2   0x0000001e   Code   RO         6308    .text               mc_w.l(strncmp.o)
    0x08000300   0x08000300   0x0000001a   Code   RO         6312    .text               mc_w.l(atoi.o)
    0x0800031a   0x0800031a   0x00000070   Code   RO         6337    .text               mc_w.l(strtol.o)
    0x0800038a   0x0800038a   0x00000002   PAD
    0x0800038c   0x0800038c   0x00000024   Code   RO         6339    .text               mc_w.l(init.o)
    0x080003b0   0x080003b0   0x00000008   Code   RO         6341    .text               mc_w.l(ctype_o.o)
    0x080003b8   0x080003b8   0x0000009e   Code   RO         6369    .text               mc_w.l(_strtoul.o)
    0x08000456   0x08000456   0x0000001c   Code   RO         6371    .text               mc_w.l(_chval.o)
    0x08000472   0x08000472   0x00000056   Code   RO         6381    .text               mc_w.l(__dczerorl2.o)
    0x080004c8   0x080004c8   0x00000004   Code   RO         3227    i.BusFault_Handler  stm32f10x_it.o
    0x080004cc   0x080004cc   0x00000002   Code   RO         3228    i.DebugMon_Handler  stm32f10x_it.o
    0x080004ce   0x080004ce   0x00000002   PAD
    0x080004d0   0x080004d0   0x00000090   Code   RO         6221    i.GPIO_Configuration  usart.o
    0x08000560   0x08000560   0x000001d8   Code   RO         1340    i.GPIO_Init         stm32f10x_gpio.o
    0x08000738   0x08000738   0x000000b0   Code   RO         1347    i.GPIO_ResetBits    stm32f10x_gpio.o
    0x080007e8   0x080007e8   0x000000b0   Code   RO         1348    i.GPIO_SetBits      stm32f10x_gpio.o
    0x08000898   0x08000898   0x00000004   Code   RO         3229    i.MemManage_Handler  stm32f10x_it.o
    0x0800089c   0x0800089c   0x00000002   Code   RO         3230    i.NMI_Handler       stm32f10x_it.o
    0x0800089e   0x0800089e   0x0000000e   Code   RO         6152    i.NVIC_Configuration  board.o
    0x080008ac   0x080008ac   0x00000022   Code   RO         6222    i.NVIC_Configuration  usart.o
    0x080008ce   0x080008ce   0x00000002   PAD
    0x080008d0   0x080008d0   0x000000e0   Code   RO          189    i.NVIC_Init         misc.o
    0x080009b0   0x080009b0   0x0000007c   Code   RO          191    i.NVIC_SetVectorTable  misc.o
    0x08000a2c   0x08000a2c   0x00000030   Code   RO         5448    i.OP_add_byte       finsh_ops.o
    0x08000a5c   0x08000a5c   0x00000030   Code   RO         5449    i.OP_add_dword      finsh_ops.o
    0x08000a8c   0x08000a8c   0x00000030   Code   RO         5450    i.OP_add_word       finsh_ops.o
    0x08000abc   0x08000abc   0x00000030   Code   RO         5451    i.OP_and_byte       finsh_ops.o
    0x08000aec   0x08000aec   0x00000030   Code   RO         5452    i.OP_and_dword      finsh_ops.o
    0x08000b1c   0x08000b1c   0x00000030   Code   RO         5453    i.OP_and_word       finsh_ops.o
    0x08000b4c   0x08000b4c   0x00000018   Code   RO         5454    i.OP_bw_byte        finsh_ops.o
    0x08000b64   0x08000b64   0x00000018   Code   RO         5455    i.OP_bw_dword       finsh_ops.o
    0x08000b7c   0x08000b7c   0x00000018   Code   RO         5456    i.OP_bw_word        finsh_ops.o
    0x08000b94   0x08000b94   0x0000038c   Code   RO         5457    i.OP_call           finsh_ops.o
    0x08000f20   0x08000f20   0x00000030   Code   RO         5458    i.OP_div_byte       finsh_ops.o
    0x08000f50   0x08000f50   0x00000030   Code   RO         5459    i.OP_div_dword      finsh_ops.o
    0x08000f80   0x08000f80   0x00000034   Code   RO         5460    i.OP_div_word       finsh_ops.o
    0x08000fb4   0x08000fb4   0x0000002c   Code   RO         5461    i.OP_ld_byte        finsh_ops.o
    0x08000fe0   0x08000fe0   0x00000048   Code   RO         5462    i.OP_ld_dword       finsh_ops.o
    0x08001028   0x08001028   0x0000004c   Code   RO         5463    i.OP_ld_value_byte  finsh_ops.o
    0x08001074   0x08001074   0x00000018   Code   RO         5464    i.OP_ld_value_byte_stack  finsh_ops.o
    0x0800108c   0x0800108c   0x0000004c   Code   RO         5465    i.OP_ld_value_dword  finsh_ops.o
    0x080010d8   0x080010d8   0x00000018   Code   RO         5466    i.OP_ld_value_dword_stack  finsh_ops.o
    0x080010f0   0x080010f0   0x0000004c   Code   RO         5467    i.OP_ld_value_word  finsh_ops.o
    0x0800113c   0x0800113c   0x00000018   Code   RO         5468    i.OP_ld_value_word_stack  finsh_ops.o
    0x08001154   0x08001154   0x00000038   Code   RO         5469    i.OP_ld_word        finsh_ops.o
    0x0800118c   0x0800118c   0x00000034   Code   RO         5470    i.OP_mod_byte       finsh_ops.o
    0x080011c0   0x080011c0   0x00000034   Code   RO         5471    i.OP_mod_dword      finsh_ops.o
    0x080011f4   0x080011f4   0x00000034   Code   RO         5472    i.OP_mod_word       finsh_ops.o
    0x08001228   0x08001228   0x00000030   Code   RO         5473    i.OP_mul_byte       finsh_ops.o
    0x08001258   0x08001258   0x00000030   Code   RO         5474    i.OP_mul_dword      finsh_ops.o
    0x08001288   0x08001288   0x00000030   Code   RO         5475    i.OP_mul_word       finsh_ops.o
    0x080012b8   0x080012b8   0x00000002   Code   RO         5476    i.OP_no_op          finsh_ops.o
    0x080012ba   0x080012ba   0x00000002   PAD
    0x080012bc   0x080012bc   0x00000030   Code   RO         5477    i.OP_or_byte        finsh_ops.o
    0x080012ec   0x080012ec   0x00000030   Code   RO         5478    i.OP_or_dword       finsh_ops.o
    0x0800131c   0x0800131c   0x00000030   Code   RO         5479    i.OP_or_word        finsh_ops.o
    0x0800134c   0x0800134c   0x00000010   Code   RO         5480    i.OP_pop            finsh_ops.o
    0x0800135c   0x0800135c   0x00000030   Code   RO         5481    i.OP_shl_byte       finsh_ops.o
    0x0800138c   0x0800138c   0x00000030   Code   RO         5482    i.OP_shl_dword      finsh_ops.o
    0x080013bc   0x080013bc   0x00000030   Code   RO         5483    i.OP_shl_word       finsh_ops.o
    0x080013ec   0x080013ec   0x00000030   Code   RO         5484    i.OP_shr_byte       finsh_ops.o
    0x0800141c   0x0800141c   0x00000030   Code   RO         5485    i.OP_shr_dword      finsh_ops.o
    0x0800144c   0x0800144c   0x00000030   Code   RO         5486    i.OP_shr_word       finsh_ops.o
    0x0800147c   0x0800147c   0x00000024   Code   RO         5487    i.OP_st_byte        finsh_ops.o
    0x080014a0   0x080014a0   0x00000024   Code   RO         5488    i.OP_st_dword       finsh_ops.o
    0x080014c4   0x080014c4   0x00000024   Code   RO         5489    i.OP_st_word        finsh_ops.o
    0x080014e8   0x080014e8   0x00000030   Code   RO         5490    i.OP_sub_byte       finsh_ops.o
    0x08001518   0x08001518   0x00000030   Code   RO         5491    i.OP_sub_dword      finsh_ops.o
    0x08001548   0x08001548   0x00000030   Code   RO         5492    i.OP_sub_word       finsh_ops.o
    0x08001578   0x08001578   0x00000030   Code   RO         5493    i.OP_xor_byte       finsh_ops.o
    0x080015a8   0x080015a8   0x00000030   Code   RO         5494    i.OP_xor_dword      finsh_ops.o
    0x080015d8   0x080015d8   0x00000030   Code   RO         5495    i.OP_xor_word       finsh_ops.o
    0x08001608   0x08001608   0x00000090   Code   RO         1756    i.RCC_APB1PeriphClockCmd  stm32f10x_rcc_1.o
    0x08001698   0x08001698   0x00000090   Code   RO         1758    i.RCC_APB2PeriphClockCmd  stm32f10x_rcc_1.o
    0x08001728   0x08001728   0x00000034   Code   RO         6223    i.RCC_Configuration  usart.o
    0x0800175c   0x0800175c   0x000000d4   Code   RO         1766    i.RCC_GetClocksFreq  stm32f10x_rcc_1.o
    0x08001830   0x08001830   0x00000002   Code   RO         3231    i.SVC_Handler       stm32f10x_it.o
    0x08001832   0x08001832   0x00000008   Code   RO         3167    i.SetSysClock       system_stm32f10x.o
    0x0800183a   0x0800183a   0x00000002   PAD
    0x0800183c   0x0800183c   0x000000e0   Code   RO         3168    i.SetSysClockTo72   system_stm32f10x.o
    0x0800191c   0x0800191c   0x00000010   Code   RO         6153    i.SysTick_Handler   board.o
    0x0800192c   0x0800192c   0x00000060   Code   RO         3170    i.SystemInit        system_stm32f10x.o
    0x0800198c   0x0800198c   0x0000005c   Code   RO         6224    i.USART1_IRQHandler  usart.o
    0x080019e8   0x080019e8   0x0000005c   Code   RO         6225    i.USART2_IRQHandler  usart.o
    0x08001a44   0x08001a44   0x0000005c   Code   RO         6226    i.USART3_IRQHandler  usart.o
    0x08001aa0   0x08001aa0   0x000000ec   Code   RO         2923    i.USART_ClearITPendingBit  stm32f10x_usart.o
    0x08001b8c   0x08001b8c   0x000000b0   Code   RO         2926    i.USART_Cmd         stm32f10x_usart.o
    0x08001c3c   0x08001c3c   0x000000f4   Code   RO         2929    i.USART_GetFlagStatus  stm32f10x_usart.o
    0x08001d30   0x08001d30   0x00000150   Code   RO         2930    i.USART_GetITStatus  stm32f10x_usart.o
    0x08001e80   0x08001e80   0x0000014c   Code   RO         2932    i.USART_ITConfig    stm32f10x_usart.o
    0x08001fcc   0x08001fcc   0x0000021c   Code   RO         2933    i.USART_Init        stm32f10x_usart.o
    0x080021e8   0x080021e8   0x00000004   Code   RO         3232    i.UsageFault_Handler  stm32f10x_it.o
    0x080021ec   0x080021ec   0x00000008   Code   RO         6330    i.__aeabi_errno_addr  mc_w.l(errno.o)
    0x080021f4   0x080021f4   0x0000004c   Code   RO         4305    i.__rt_ffs          kservice.o
    0x08002240   0x08002240   0x0000000e   Code   RO         6375    i.__scatterload_copy  mc_w.l(handlers.o)
    0x0800224e   0x0800224e   0x00000002   Code   RO         6376    i.__scatterload_null  mc_w.l(handlers.o)
    0x08002250   0x08002250   0x0000000e   Code   RO         6377    i.__scatterload_zeroinit  mc_w.l(handlers.o)
    0x0800225e   0x0800225e   0x00000002   PAD
    0x08002260   0x08002260   0x00000014   Code   RO         3965    i._has_defunct_thread  idle.o
    0x08002274   0x08002274   0x000000c4   Code   RO         5052    i._list_device      cmd.o
    0x08002338   0x08002338   0x000000d8   Code   RO         5053    i._list_event       cmd.o
    0x08002410   0x08002410   0x000000f4   Code   RO         5054    i._list_mailbox     cmd.o
    0x08002504   0x08002504   0x000000f8   Code   RO         5055    i._list_mempool     cmd.o
    0x080025fc   0x080025fc   0x000000d8   Code   RO         5056    i._list_msgqueue    cmd.o
    0x080026d4   0x080026d4   0x000000ac   Code   RO         5057    i._list_mutex       cmd.o
    0x08002780   0x08002780   0x000000d4   Code   RO         5058    i._list_sem         cmd.o
    0x08002854   0x08002854   0x00000118   Code   RO         5059    i._list_thread      cmd.o
    0x0800296c   0x0800296c   0x000000f8   Code   RO         5060    i._list_timer       cmd.o
    0x08002a64   0x08002a64   0x000000f0   Code   RO         4737    i._rt_scheduler_stack_check  scheduler.o
    0x08002b54   0x08002b54   0x000000ec   Code   RO         4822    i._rt_thread_init   thread.o
    0x08002c40   0x08002c40   0x00000042   Code   RO         4937    i._rt_timer_init    timer.o
    0x08002c82   0x08002c82   0x0000002e   Code   RO         4938    i._rt_timer_remove  timer.o
    0x08002cb0   0x08002cb0   0x000000f4   Code   RO         3676    i._serial_dma_rx    serial.o
    0x08002da4   0x08002da4   0x0000005c   Code   RO         3677    i._serial_dma_tx    serial.o
    0x08002e00   0x08002e00   0x000000ec   Code   RO         3678    i._serial_int_rx    serial.o
    0x08002eec   0x08002eec   0x000000c0   Code   RO         3679    i._serial_int_tx    serial.o
    0x08002fac   0x08002fac   0x00000088   Code   RO         3680    i._serial_poll_rx   serial.o
    0x08003034   0x08003034   0x00000064   Code   RO         3681    i._serial_poll_tx   serial.o
    0x08003098   0x08003098   0x00000070   Code   RO          161    i.assert_failed     startup.o
    0x08003108   0x08003108   0x000000fc   Code   RO         3789    i.bus_fault_track   cpuport.o
    0x08003204   0x08003204   0x0000003e   Code   RO         5302    i.finsh_block_insert  finsh_heap.o
    0x08003242   0x08003242   0x0000007c   Code   RO         5303    i.finsh_block_merge  finsh_heap.o
    0x080032be   0x080032be   0x0000002e   Code   RO         5304    i.finsh_block_remove  finsh_heap.o
    0x080032ec   0x080032ec   0x00000018   Code   RO         5305    i.finsh_block_split  finsh_heap.o
    0x08003304   0x08003304   0x00001654   Code   RO         5221    i.finsh_compile     finsh_compiler.o
    0x08004958   0x08004958   0x00000068   Code   RO         5222    i.finsh_compiler_run  finsh_compiler.o
    0x080049c0   0x080049c0   0x0000000c   Code   RO         5268    i.finsh_errno       finsh_error.o
    0x080049cc   0x080049cc   0x0000000c   Code   RO         5269    i.finsh_error_init  finsh_error.o
    0x080049d8   0x080049d8   0x00000010   Code   RO         5270    i.finsh_error_set   finsh_error.o
    0x080049e8   0x080049e8   0x00000010   Code   RO         5271    i.finsh_error_string  finsh_error.o
    0x080049f8   0x080049f8   0x00000016   Code   RO         5355    i.finsh_flush       finsh_init.o
    0x08004a0e   0x08004a0e   0x00000002   PAD
    0x08004a10   0x08004a10   0x00000074   Code   RO         5306    i.finsh_heap_allocate  finsh_heap.o
    0x08004a84   0x08004a84   0x0000002c   Code   RO         5307    i.finsh_heap_free   finsh_heap.o
    0x08004ab0   0x08004ab0   0x00000058   Code   RO         5308    i.finsh_heap_gc     finsh_heap.o
    0x08004b08   0x08004b08   0x00000030   Code   RO         5309    i.finsh_heap_init   finsh_heap.o
    0x08004b38   0x08004b38   0x0000001e   Code   RO         5356    i.finsh_init        finsh_init.o
    0x08004b56   0x08004b56   0x00000002   PAD
    0x08004b58   0x08004b58   0x0000003c   Code   RO         5391    i.finsh_node_allocate  finsh_node.o
    0x08004b94   0x08004b94   0x00000014   Code   RO         5392    i.finsh_node_init   finsh_node.o
    0x08004ba8   0x08004ba8   0x0000001e   Code   RO         5393    i.finsh_node_new_char  finsh_node.o
    0x08004bc6   0x08004bc6   0x00000076   Code   RO         5394    i.finsh_node_new_id  finsh_node.o
    0x08004c3c   0x08004c3c   0x0000001e   Code   RO         5395    i.finsh_node_new_int  finsh_node.o
    0x08004c5a   0x08004c5a   0x0000001e   Code   RO         5396    i.finsh_node_new_long  finsh_node.o
    0x08004c78   0x08004c78   0x0000001e   Code   RO         5397    i.finsh_node_new_ptr  finsh_node.o
    0x08004c96   0x08004c96   0x0000004a   Code   RO         5398    i.finsh_node_new_string  finsh_node.o
    0x08004ce0   0x08004ce0   0x00000010   Code   RO         5748    i.finsh_parser_init  finsh_parser.o
    0x08004cf0   0x08004cf0   0x000000dc   Code   RO         5749    i.finsh_parser_run  finsh_parser.o
    0x08004dcc   0x08004dcc   0x000000c4   Code   RO         6051    i.finsh_run_line    shell.o
    0x08004e90   0x08004e90   0x00000070   Code   RO         6052    i.finsh_rx_ind      shell.o
    0x08004f00   0x08004f00   0x00000110   Code   RO         6053    i.finsh_set_device  shell.o
    0x08005010   0x08005010   0x0000000c   Code   RO         5358    i.finsh_stack_bottom  finsh_init.o
    0x0800501c   0x0800501c   0x0000005c   Code   RO         5996    i.finsh_syscall_lookup  finsh_vm.o
    0x08005078   0x08005078   0x00000014   Code   RO         6055    i.finsh_system_function_init  shell.o
    0x0800508c   0x0800508c   0x000000c0   Code   RO         6056    i.finsh_system_init  shell.o
    0x0800514c   0x0800514c   0x00000014   Code   RO         6057    i.finsh_system_var_init  shell.o
    0x08005160   0x08005160   0x0000005c   Code   RO         5943    i.finsh_sysvar_lookup  finsh_var.o
    0x080051bc   0x080051bc   0x00000614   Code   RO         6058    i.finsh_thread_entry  shell.o
    0x080057d0   0x080057d0   0x00000014   Code   RO         5860    i.finsh_token_init  finsh_token.o
    0x080057e4   0x080057e4   0x00000018   Code   RO         5861    i.finsh_token_token  finsh_token.o
    0x080057fc   0x080057fc   0x0000015e   Code   RO         5223    i.finsh_type_check  finsh_compiler.o
    0x0800595a   0x0800595a   0x00000002   PAD
    0x0800595c   0x0800595c   0x00000014   Code   RO         5945    i.finsh_var_init    finsh_var.o
    0x08005970   0x08005970   0x00000078   Code   RO         5946    i.finsh_var_insert  finsh_var.o
    0x080059e8   0x080059e8   0x00000040   Code   RO         5947    i.finsh_var_lookup  finsh_var.o
    0x08005a28   0x08005a28   0x00000054   Code   RO         5997    i.finsh_vm_run      finsh_vm.o
    0x08005a7c   0x08005a7c   0x00000080   Code   RO         3790    i.hard_fault_track  cpuport.o
    0x08005afc   0x08005afc   0x00000020   Code   RO         5061    i.hello             cmd.o
    0x08005b1c   0x08005b1c   0x0000005c   Code   RO         6186    i.led               led.o
    0x08005b78   0x08005b78   0x00000024   Code   RO            1    i.led_thread_entry  application.o
    0x08005b9c   0x08005b9c   0x000000dc   Code   RO         5062    i.list              cmd.o
    0x08005c78   0x08005c78   0x00000010   Code   RO         5063    i.list_device       cmd.o
    0x08005c88   0x08005c88   0x00000010   Code   RO         5064    i.list_event        cmd.o
    0x08005c98   0x08005c98   0x00000010   Code   RO         5065    i.list_mailbox      cmd.o
    0x08005ca8   0x08005ca8   0x00000078   Code   RO         4482    i.list_mem          mem.o
    0x08005d20   0x08005d20   0x00000010   Code   RO         5066    i.list_mempool      cmd.o
    0x08005d30   0x08005d30   0x00000010   Code   RO         5067    i.list_msgqueue     cmd.o
    0x08005d40   0x08005d40   0x00000010   Code   RO         5068    i.list_mutex        cmd.o
    0x08005d50   0x08005d50   0x00000210   Code   RO         5069    i.list_prefix       cmd.o
    0x08005f60   0x08005f60   0x00000010   Code   RO         5070    i.list_sem          cmd.o
    0x08005f70   0x08005f70   0x00000010   Code   RO         5071    i.list_thread       cmd.o
    0x08005f80   0x08005f80   0x00000010   Code   RO         5072    i.list_timer        cmd.o
    0x08005f90   0x08005f90   0x0000000e   Code   RO          162    i.main              startup.o
    0x08005f9e   0x08005f9e   0x00000028   Code   RO         5750    i.make_sys_node     finsh_parser.o
    0x08005fc6   0x08005fc6   0x00000002   PAD
    0x08005fc8   0x08005fc8   0x000000e8   Code   RO         3791    i.mem_manage_fault_track  cpuport.o
    0x080060b0   0x080060b0   0x00000164   Code   RO         4483    i.plug_holes        mem.o
    0x08006214   0x08006214   0x0000018c   Code   RO         4307    i.print_number      kservice.o
    0x080063a0   0x080063a0   0x00000072   Code   RO         5751    i.proc_additive_expr  finsh_parser.o
    0x08006412   0x08006412   0x0000004c   Code   RO         5752    i.proc_and_expr     finsh_parser.o
    0x0800645e   0x0800645e   0x00000038   Code   RO         5753    i.proc_assign_expr  finsh_parser.o
    0x08006496   0x08006496   0x0000004e   Code   RO         5754    i.proc_cast_expr    finsh_parser.o
    0x080064e4   0x080064e4   0x0000004c   Code   RO         5755    i.proc_exclusive_or_expr  finsh_parser.o
    0x08006530   0x08006530   0x0000000c   Code   RO         5756    i.proc_expr         finsh_parser.o
    0x0800653c   0x0800653c   0x00000038   Code   RO         5757    i.proc_expr_statement  finsh_parser.o
    0x08006574   0x08006574   0x0000002c   Code   RO         5758    i.proc_identifier   finsh_parser.o
    0x080065a0   0x080065a0   0x0000004c   Code   RO         5759    i.proc_inclusive_or_expr  finsh_parser.o
    0x080065ec   0x080065ec   0x0000008a   Code   RO         5760    i.proc_multiplicative_expr  finsh_parser.o
    0x08006676   0x08006676   0x0000004c   Code   RO         5761    i.proc_param_list   finsh_parser.o
    0x080066c2   0x080066c2   0x000000a2   Code   RO         5762    i.proc_postfix_expr  finsh_parser.o
    0x08006764   0x08006764   0x0000009e   Code   RO         5763    i.proc_primary_expr  finsh_parser.o
    0x08006802   0x08006802   0x00000074   Code   RO         5764    i.proc_shift_expr   finsh_parser.o
    0x08006876   0x08006876   0x000000fa   Code   RO         5765    i.proc_type         finsh_parser.o
    0x08006970   0x08006970   0x000000be   Code   RO         5766    i.proc_unary_expr   finsh_parser.o
    0x08006a2e   0x08006a2e   0x000001da   Code   RO         5767    i.proc_variable_decl  finsh_parser.o
    0x08006c08   0x08006c08   0x0000006c   Code   RO            2    i.rt_application_init  application.o
    0x08006c74   0x08006c74   0x0000009c   Code   RO         3313    i.rt_completion_done  completion.o
    0x08006d10   0x08006d10   0x00000078   Code   RO         3314    i.rt_completion_init  completion.o
    0x08006d88   0x08006d88   0x00000194   Code   RO         3315    i.rt_completion_wait  completion.o
    0x08006f1c   0x08006f1c   0x0000001c   Code   RO         3272    i.rt_components_board_init  components.o
    0x08006f38   0x08006f38   0x0000001c   Code   RO         3273    i.rt_components_init  components.o
    0x08006f54   0x08006f54   0x0000000c   Code   RO         4308    i.rt_console_get_device  kservice.o
    0x08006f60   0x08006f60   0x00000034   Code   RO         4309    i.rt_console_set_device  kservice.o
    0x08006f94   0x08006f94   0x00000094   Code   RO         3352    i.rt_data_queue_init  dataqueue.o
    0x08007028   0x08007028   0x000000a8   Code   RO         3353    i.rt_data_queue_peak  dataqueue.o
    0x080070d0   0x080070d0   0x00000224   Code   RO         3354    i.rt_data_queue_pop  dataqueue.o
    0x080072f4   0x080072f4   0x0000019c   Code   RO         3355    i.rt_data_queue_push  dataqueue.o
    0x08007490   0x08007490   0x0000008c   Code   RO         3885    i.rt_device_close   device.o
    0x0800751c   0x0800751c   0x00000050   Code   RO         3887    i.rt_device_find    device.o
    0x0800756c   0x0800756c   0x0000012c   Code   RO         3890    i.rt_device_open    device.o
    0x08007698   0x08007698   0x00000090   Code   RO         3891    i.rt_device_read    device.o
    0x08007728   0x08007728   0x00000032   Code   RO         3892    i.rt_device_register  device.o
    0x0800775a   0x0800775a   0x00000002   PAD
    0x0800775c   0x0800775c   0x00000060   Code   RO         3893    i.rt_device_set_rx_indicate  device.o
    0x080077bc   0x080077bc   0x00000090   Code   RO         3896    i.rt_device_write   device.o
    0x0800784c   0x0800784c   0x00000020   Code   RO         4739    i.rt_enter_critical  scheduler.o
    0x0800786c   0x0800786c   0x0000003c   Code   RO         4740    i.rt_exit_critical  scheduler.o
    0x080078a8   0x080078a8   0x00000214   Code   RO         4485    i.rt_free           mem.o
    0x08007abc   0x08007abc   0x00000078   Code   RO         6154    i.rt_hw_board_init  board.o
    0x08007b34   0x08007b34   0x00000002   Code   RO         4312    i.rt_hw_console_output  kservice.o
    0x08007b36   0x08007b36   0x00000002   PAD
    0x08007b38   0x08007b38   0x00000208   Code   RO         3794    i.rt_hw_hard_fault_exception  cpuport.o
    0x08007d40   0x08007d40   0x0000003c   Code   RO         6187    i.rt_hw_led_init    led.o
    0x08007d7c   0x08007d7c   0x00000030   Code   RO         6188    i.rt_hw_led_off     led.o
    0x08007dac   0x08007dac   0x00000030   Code   RO         6189    i.rt_hw_led_on      led.o
    0x08007ddc   0x08007ddc   0x00000178   Code   RO         3682    i.rt_hw_serial_isr  serial.o
    0x08007f54   0x08007f54   0x000000b0   Code   RO         3683    i.rt_hw_serial_register  serial.o
    0x08008004   0x08008004   0x0000004c   Code   RO         3795    i.rt_hw_stack_init  cpuport.o
    0x08008050   0x08008050   0x000000d0   Code   RO         6227    i.rt_hw_usart_init  usart.o
    0x08008120   0x08008120   0x00000018   Code   RO            3    i.rt_init_thread_entry  application.o
    0x08008138   0x08008138   0x00000024   Code   RO         4278    i.rt_interrupt_enter  irq.o
    0x0800815c   0x0800815c   0x0000000c   Code   RO         4279    i.rt_interrupt_get_nest  irq.o
    0x08008168   0x08008168   0x00000024   Code   RO         4280    i.rt_interrupt_leave  irq.o
    0x0800818c   0x0800818c   0x00000018   Code   RO         4014    i.rt_ipc_list_resume  ipc.o
    0x080081a4   0x080081a4   0x0000006c   Code   RO         4016    i.rt_ipc_list_suspend  ipc.o
    0x08008210   0x08008210   0x00000010   Code   RO         4017    i.rt_ipc_object_init  ipc.o
    0x08008220   0x08008220   0x00000068   Code   RO         4313    i.rt_kprintf        kservice.o
    0x08008288   0x08008288   0x00000006   Code   RO         3357    i.rt_list_init      dataqueue.o
    0x0800828e   0x0800828e   0x00000006   Code   RO         4018    i.rt_list_init      ipc.o
    0x08008294   0x08008294   0x00000006   Code   RO         4741    i.rt_list_init      scheduler.o
    0x0800829a   0x0800829a   0x00000006   Code   RO         4939    i.rt_list_init      timer.o
    0x080082a0   0x080082a0   0x0000000e   Code   RO         4636    i.rt_list_insert_after  object.o
    0x080082ae   0x080082ae   0x0000000e   Code   RO         4823    i.rt_list_insert_after  thread.o
    0x080082bc   0x080082bc   0x0000000e   Code   RO         4940    i.rt_list_insert_after  timer.o
    0x080082ca   0x080082ca   0x0000000e   Code   RO         3358    i.rt_list_insert_before  dataqueue.o
    0x080082d8   0x080082d8   0x0000000e   Code   RO         4019    i.rt_list_insert_before  ipc.o
    0x080082e6   0x080082e6   0x00000010   Code   RO         3316    i.rt_list_isempty   completion.o
    0x080082f6   0x080082f6   0x00000010   Code   RO         3359    i.rt_list_isempty   dataqueue.o
    0x08008306   0x08008306   0x00000010   Code   RO         4020    i.rt_list_isempty   ipc.o
    0x08008316   0x08008316   0x00000010   Code   RO         4941    i.rt_list_isempty   timer.o
    0x08008326   0x08008326   0x00000010   Code   RO         5073    i.rt_list_isempty   cmd.o
    0x08008336   0x08008336   0x00000014   Code   RO         5074    i.rt_list_len       cmd.o
    0x0800834a   0x0800834a   0x00000012   Code   RO         4637    i.rt_list_remove    object.o
    0x0800835c   0x0800835c   0x00000012   Code   RO         4824    i.rt_list_remove    thread.o
    0x0800836e   0x0800836e   0x00000002   PAD
    0x08008370   0x08008370   0x00000330   Code   RO         4487    i.rt_malloc         mem.o
    0x080086a0   0x080086a0   0x00000042   Code   RO         4317    i.rt_memmove        kservice.o
    0x080086e2   0x080086e2   0x00000048   Code   RO         4318    i.rt_memset         kservice.o
    0x0800872a   0x0800872a   0x00000002   PAD
    0x0800872c   0x0800872c   0x000000ec   Code   RO         4638    i.rt_object_allocate  object.o
    0x08008818   0x08008818   0x000000e0   Code   RO         4640    i.rt_object_delete  object.o
    0x080088f8   0x080088f8   0x00000088   Code   RO         4641    i.rt_object_detach  object.o
    0x08008980   0x08008980   0x00000054   Code   RO         4645    i.rt_object_init    object.o
    0x080089d4   0x080089d4   0x0000006c   Code   RO         4646    i.rt_object_is_systemobject  object.o
    0x08008a40   0x08008a40   0x000000a4   Code   RO         4742    i.rt_schedule       scheduler.o
    0x08008ae4   0x08008ae4   0x000000a4   Code   RO         4743    i.rt_schedule_insert_thread  scheduler.o
    0x08008b88   0x08008b88   0x000000b0   Code   RO         4744    i.rt_schedule_remove_thread  scheduler.o
    0x08008c38   0x08008c38   0x00000074   Code   RO         4048    i.rt_sem_init       ipc.o
    0x08008cac   0x08008cac   0x00000054   Code   RO         4049    i.rt_sem_release    ipc.o
    0x08008d00   0x08008d00   0x000001e0   Code   RO         4050    i.rt_sem_take       ipc.o
    0x08008ee0   0x08008ee0   0x000001d0   Code   RO         3684    i.rt_serial_close   serial.o
    0x080090b0   0x080090b0   0x000000a0   Code   RO         3685    i.rt_serial_control  serial.o
    0x08009150   0x08009150   0x00000078   Code   RO         3686    i.rt_serial_init    serial.o
    0x080091c8   0x080091c8   0x00000258   Code   RO         3687    i.rt_serial_open    serial.o
    0x08009420   0x08009420   0x000000a0   Code   RO         3688    i.rt_serial_read    serial.o
    0x080094c0   0x080094c0   0x000000a0   Code   RO         3689    i.rt_serial_write   serial.o
    0x08009560   0x08009560   0x00000028   Code   RO         4319    i.rt_set_errno      kservice.o
    0x08009588   0x08009588   0x000000b0   Code   RO         4320    i.rt_show_version   kservice.o
    0x08009638   0x08009638   0x00000012   Code   RO         4326    i.rt_strlen         kservice.o
    0x0800964a   0x0800964a   0x00000028   Code   RO         4327    i.rt_strncmp        kservice.o
    0x08009672   0x08009672   0x00000034   Code   RO         4328    i.rt_strncpy        kservice.o
    0x080096a6   0x080096a6   0x00000002   PAD
    0x080096a8   0x080096a8   0x00000184   Code   RO         4491    i.rt_system_heap_init  mem.o
    0x0800982c   0x0800982c   0x00000050   Code   RO         4746    i.rt_system_scheduler_init  scheduler.o
    0x0800987c   0x0800987c   0x00000030   Code   RO         4747    i.rt_system_scheduler_start  scheduler.o
    0x080098ac   0x080098ac   0x0000001c   Code   RO         4942    i.rt_system_timer_init  timer.o
    0x080098c8   0x080098c8   0x00000002   Code   RO         4943    i.rt_system_timer_thread_init  timer.o
    0x080098ca   0x080098ca   0x00000050   Code   RO         4826    i.rt_thread_create  thread.o
    0x0800991a   0x0800991a   0x0000000c   Code   RO         4827    i.rt_thread_delay   thread.o
    0x08009926   0x08009926   0x00000002   PAD
    0x08009928   0x08009928   0x00000054   Code   RO         4830    i.rt_thread_exit    thread.o
    0x0800997c   0x0800997c   0x00000018   Code   RO         3966    i.rt_thread_idle_entry  idle.o
    0x08009994   0x08009994   0x000000fc   Code   RO         3967    i.rt_thread_idle_excute  idle.o
    0x08009a90   0x08009a90   0x0000003c   Code   RO         3968    i.rt_thread_idle_init  idle.o
    0x08009acc   0x08009acc   0x000000c0   Code   RO         4832    i.rt_thread_init    thread.o
    0x08009b8c   0x08009b8c   0x00000098   Code   RO         4833    i.rt_thread_resume  thread.o
    0x08009c24   0x08009c24   0x0000000c   Code   RO         4834    i.rt_thread_self    thread.o
    0x08009c30   0x08009c30   0x0000009c   Code   RO         4835    i.rt_thread_sleep   thread.o
    0x08009ccc   0x08009ccc   0x000000cc   Code   RO         4836    i.rt_thread_startup  thread.o
    0x08009d98   0x08009d98   0x00000098   Code   RO         4837    i.rt_thread_suspend  thread.o
    0x08009e30   0x08009e30   0x000000c4   Code   RO         4838    i.rt_thread_timeout  thread.o
    0x08009ef4   0x08009ef4   0x00000060   Code   RO         4839    i.rt_thread_yield   thread.o
    0x08009f54   0x08009f54   0x0000000c   Code   RO         3849    i.rt_tick_get       clock.o
    0x08009f60   0x08009f60   0x00000030   Code   RO         3850    i.rt_tick_increase  clock.o
    0x08009f90   0x08009f90   0x0000009c   Code   RO         4944    i.rt_timer_check    timer.o
    0x0800a02c   0x0800a02c   0x00000098   Code   RO         4945    i.rt_timer_control  timer.o
    0x0800a0c4   0x0800a0c4   0x00000078   Code   RO         4948    i.rt_timer_detach   timer.o
    0x0800a13c   0x0800a13c   0x00000084   Code   RO         4949    i.rt_timer_init     timer.o
    0x0800a1c0   0x0800a1c0   0x000001c0   Code   RO         4952    i.rt_timer_start    timer.o
    0x0800a380   0x0800a380   0x000000a0   Code   RO         4953    i.rt_timer_stop     timer.o
    0x0800a420   0x0800a420   0x00000328   Code   RO         4330    i.rt_vsnprintf      kservice.o
    0x0800a748   0x0800a748   0x00000004   Code   RO         3274    i.rti_board_end     components.o
    0x0800a74c   0x0800a74c   0x00000004   Code   RO         3275    i.rti_end           components.o
    0x0800a750   0x0800a750   0x00000004   Code   RO         3276    i.rti_start         components.o
    0x0800a754   0x0800a754   0x00000034   Code   RO          163    i.rtthread_startup  startup.o
    0x0800a788   0x0800a788   0x00000030   Code   RO         6059    i.shell_auto_complete  shell.o
    0x0800a7b8   0x0800a7b8   0x00000034   Code   RO         6060    i.shell_handle_history  shell.o
    0x0800a7ec   0x0800a7ec   0x000000a2   Code   RO         6061    i.shell_push_history  shell.o
    0x0800a88e   0x0800a88e   0x00000002   PAD
    0x0800a890   0x0800a890   0x00000030   Code   RO         5075    i.show_wait_queue   cmd.o
    0x0800a8c0   0x0800a8c0   0x00000026   Code   RO         4332    i.skip_atoi         kservice.o
    0x0800a8e6   0x0800a8e6   0x00000002   PAD
    0x0800a8e8   0x0800a8e8   0x0000012c   Code   RO         6228    i.stm32_configure   usart.o
    0x0800aa14   0x0800aa14   0x000000c0   Code   RO         6229    i.stm32_control     usart.o
    0x0800aad4   0x0800aad4   0x00000074   Code   RO         6230    i.stm32_getc        usart.o
    0x0800ab48   0x0800ab48   0x00000074   Code   RO         6231    i.stm32_putc        usart.o
    0x0800abbc   0x0800abbc   0x00000020   Code   RO         5076    i.str_common        cmd.o
    0x0800abdc   0x0800abdc   0x00000022   Code   RO         5077    i.str_is_prefix     cmd.o
    0x0800abfe   0x0800abfe   0x00000078   Code   RO         5862    i.token_get_string  finsh_token.o
    0x0800ac76   0x0800ac76   0x00000002   PAD
    0x0800ac78   0x0800ac78   0x00000034   Code   RO         5863    i.token_match_name  finsh_token.o
    0x0800acac   0x0800acac   0x0000003e   Code   RO         5864    i.token_next_char   finsh_token.o
    0x0800acea   0x0800acea   0x00000016   Code   RO         5865    i.token_prev_char   finsh_token.o
    0x0800ad00   0x0800ad00   0x000000a2   Code   RO         5866    i.token_proc_char   finsh_token.o
    0x0800ada2   0x0800ada2   0x000000ae   Code   RO         5867    i.token_proc_escape  finsh_token.o
    0x0800ae50   0x0800ae50   0x00000120   Code   RO         5868    i.token_proc_number  finsh_token.o
    0x0800af70   0x0800af70   0x00000050   Code   RO         5869    i.token_proc_string  finsh_token.o
    0x0800afc0   0x0800afc0   0x0000019e   Code   RO         5870    i.token_run         finsh_token.o
    0x0800b15e   0x0800b15e   0x00000098   Code   RO         5871    i.token_spec_number  finsh_token.o
    0x0800b1f6   0x0800b1f6   0x00000022   Code   RO         5872    i.token_trim_space  finsh_token.o
    0x0800b218   0x0800b218   0x000000e8   Code   RO         3796    i.usage_fault_track  cpuport.o
    0x0800b300   0x0800b300   0x0000000a   Code   RO         5078    i.version           cmd.o
    0x0800b30a   0x0800b30a   0x00000039   Data   RO         3317    .constdata          completion.o
    0x0800b343   0x0800b343   0x0000004b   Data   RO         3360    .constdata          dataqueue.o
    0x0800b38e   0x0800b38e   0x000000d3   Data   RO         3690    .constdata          serial.o
    0x0800b461   0x0800b461   0x000000a8   Data   RO         3897    .constdata          device.o
    0x0800b509   0x0800b509   0x00000016   Data   RO         3971    .constdata          idle.o
    0x0800b51f   0x0800b51f   0x000001d7   Data   RO         4052    .constdata          ipc.o
    0x0800b6f6   0x0800b6f6   0x00000122   Data   RO         4334    .constdata          kservice.o
    0x0800b818   0x0800b818   0x0000006d   Data   RO         4493    .constdata          mem.o
    0x0800b885   0x0800b885   0x0000005e   Data   RO         4651    .constdata          object.o
    0x0800b8e3   0x0800b8e3   0x0000004e   Data   RO         4749    .constdata          scheduler.o
    0x0800b931   0x0800b931   0x000000aa   Data   RO         4840    .constdata          thread.o
    0x0800b9db   0x0800b9db   0x0000005c   Data   RO         4955    .constdata          timer.o
    0x0800ba37   0x0800ba37   0x00000001   PAD
    0x0800ba38   0x0800ba38   0x00000200   Data   RO         5079    .constdata          cmd.o
    0x0800bc38   0x0800bc38   0x000000c4   Data   RO         5496    .constdata          finsh_ops.o
    0x0800bcfc   0x0800bcfc   0x00000040   Data   RO         5873    .constdata          finsh_token.o
    0x0800bd3c   0x0800bd3c   0x00000060   Data   RO         6063    .constdata          shell.o
    0x0800bd9c   0x0800bd9c   0x00000024   Data   RO         6190    .constdata          led.o
    0x0800bdc0   0x0800bdc0   0x00000050   Data   RO         6233    .constdata          usart.o
    0x0800be10   0x0800be10   0x00000081   Data   RO         6342    .constdata          mc_w.l(ctype_o.o)
    0x0800be91   0x0800be91   0x00000003   PAD
    0x0800be94   0x0800be94   0x00000004   Data   RO         6343    .constdata          mc_w.l(ctype_o.o)
    0x0800be98   0x0800be98   0x000000ed   Data   RO         4494    .conststring        mem.o
    0x0800bf85   0x0800bf85   0x00000003   PAD
    0x0800bf88   0x0800bf88   0x0000019d   Data   RO         5080    .conststring        cmd.o
    0x0800c125   0x0800c125   0x00000003   PAD
    0x0800c128   0x0800c128   0x000000f3   Data   RO         5272    .conststring        finsh_error.o
    0x0800c21b   0x0800c21b   0x00000001   PAD
    0x0800c21c   0x0800c21c   0x0000003e   Data   RO         5874    .conststring        finsh_token.o
    0x0800c25a   0x0800c25a   0x00000002   PAD
    0x0800c25c   0x0800c25c   0x00000004   Data   RO         3277    .rti_fn.0           components.o
    0x0800c260   0x0800c260   0x00000004   Data   RO         3278    .rti_fn.1.post      components.o
    0x0800c264   0x0800c264   0x00000004   Data   RO         6065    .rti_fn.3           shell.o
    0x0800c268   0x0800c268   0x00000004   Data   RO         3279    .rti_fn.7           components.o
    0x0800c26c   0x0800c26c   0x0000000c   Data   RO         4496    FSymTab             mem.o
    0x0800c278   0x0800c278   0x00000090   Data   RO         5082    FSymTab             cmd.o
    0x0800c308   0x0800c308   0x0000000c   Data   RO         6192    FSymTab             led.o
    0x0800c314   0x0800c314   0x00000020   Data   RO         6373    Region$$Table       anon$$obj.o
    0x0800c334   0x0800c334   0x00000010   Data   RO         5083    VSymTab             cmd.o


    Execution Region RW_IRAM1 (Exec base: 0x20000000, Load base: 0x0800c344, Size: 0x000018f0, Max: 0x00010000, ABSOLUTE, COMPRESSED[0x000000ac])

    Exec Addr    Load Addr    Size         Type   Attr      Idx    E Section Name        Object

    0x20000000   COMPRESSED   0x00000014   Data   RW         1786    .data               stm32f10x_rcc_1.o
    0x20000014   COMPRESSED   0x00000014   Data   RW         3171    .data               system_stm32f10x.o
    0x20000028   COMPRESSED   0x00000010   Data   RW         3798    .data               cpuport.o
    0x20000038   COMPRESSED   0x00000004   Data   RW         3852    .data               clock.o
    0x2000003c   COMPRESSED   0x00000004   Data   RW         3972    .data               idle.o
    0x20000040   COMPRESSED   0x00000001   Data   RW         4281    .data               irq.o
    0x20000041   COMPRESSED   0x00000003   PAD
    0x20000044   COMPRESSED   0x00000008   Data   RW         4335    .data               kservice.o
    0x2000004c   COMPRESSED   0x00000020   Data   RW         4495    .data               mem.o
    0x2000006c   COMPRESSED   0x000000a4   Data   RW         4652    .data               object.o
    0x20000110   COMPRESSED   0x0000001c   Data   RW         4750    .data               scheduler.o
    0x2000012c   COMPRESSED   0x00000010   Data   RW         4956    .data               timer.o
    0x2000013c   COMPRESSED   0x00000004   Data   RW         5081    .data               cmd.o
    0x20000140   COMPRESSED   0x00000008   Data   RW         5224    .data               finsh_compiler.o
    0x20000148   COMPRESSED   0x00000040   Data   RW         5273    .data               finsh_error.o
    0x20000188   COMPRESSED   0x00000008   Data   RW         5311    .data               finsh_heap.o
    0x20000190   COMPRESSED   0x00000004   Data   RW         5949    .data               finsh_var.o
    0x20000194   COMPRESSED   0x0000000c   Data   RW         5999    .data               finsh_vm.o
    0x200001a0   COMPRESSED   0x00000004   Data   RW         6064    .data               shell.o
    0x200001a4   COMPRESSED   0x00000010   Data   RW         6139    .data               symbol.o
    0x200001b4   COMPRESSED   0x00000001   Data   RW         6191    .data               led.o
    0x200001b5   COMPRESSED   0x00000003   PAD
    0x200001b8   COMPRESSED   0x00000018   Data   RW         6234    .data               usart.o
    0x200001d0   COMPRESSED   0x00000004   Data   RW         6333    .data               mc_w.l(errno.o)
    0x200001d4        -       0x00000280   Zero   RW            4    .bss                application.o
    0x20000454        -       0x00000180   Zero   RW         3970    .bss                idle.o
    0x200005d4        -       0x00000080   Zero   RW         4333    .bss                kservice.o
    0x20000654        -       0x00000020   Zero   RW         4492    .bss                mem.o
    0x20000674        -       0x00000100   Zero   RW         4748    .bss                scheduler.o
    0x20000774        -       0x00000080   Zero   RW         5310    .bss                finsh_heap.o
    0x200007f4        -       0x00000140   Zero   RW         5399    .bss                finsh_node.o
    0x20000934        -       0x000000c0   Zero   RW         5948    .bss                finsh_var.o
    0x200009f4        -       0x00000180   Zero   RW         5998    .bss                finsh_vm.o
    0x20000b74        -       0x00000880   Zero   RW         6062    .bss                shell.o
    0x200013f4        -       0x000000fc   Zero   RW         6232    .bss                usart.o
    0x200014f0        -       0x00000400   Zero   RW         3220    STACK               startup_stm32f10x_hd.o


==============================================================================

Image component sizes


      Code (inc. data)   RO Data    RW Data    ZI Data      Debug   Object Name

       168         38          0          0        640     250944   application.o
       150         20          0          0          0      16649   board.o
        60         12          0          4          0       1089   clock.o
      3116       1362       1085          4          0      22318   cmd.o
       696        270         57          0          0       8583   completion.o
        68         16         12          0          0       2812   components.o
       236         24          0          0          0        720   context_rvds.o
         0          0          0          0          0         32   core_cm3.o
      1440        724          0         16          0       4870   cpuport.o
      1312        344         75          0          0       8851   dataqueue.o
       954        346        168          0          0       8070   device.o
      6170        156          0          8          0      11314   finsh_compiler.o
        56         22        243         64          0       2475   finsh_error.o
       552         42          0          8        128       5507   finsh_heap.o
        64          6          0          0          0       1940   finsh_init.o
       392          8          0          0        320       5546   finsh_node.o
      3034        294        196          0          0      23286   finsh_ops.o
      2428         32          0          0          0      15555   finsh_parser.o
      1604         16        126          0          0       9626   finsh_token.o
       296         32          0          4        192       7538   finsh_var.o
       176         36          0         12        384       6811   finsh_vm.o
       356        110         22          4        384       3622   idle.o
       864        212        471          0          0      30756   ipc.o
        84         18          0          1          0       1898   irq.o
      1952        182        290          8        128      11872   kservice.o
       248         34         48          1          0       2871   led.o
      2212        794        358         32         32       7072   mem.o
       348        132          0          0          0       1746   misc.o
       820        316         94        164          0       6825   object.o
       970        344         78         28        256       6982   scheduler.o
      3216        932        211          0          0      12867   serial.o
      2630        440        100          4       2176       9639   shell.o
       178         90          0          0          0       1819   startup.o
        36          8        304          0       1024        880   startup_stm32f10x_hd.o
       824        282          0          0          0       3440   stm32f10x_gpio.o
        18          0          0          0          0       2463   stm32f10x_it.o
       500        168          0         20          0       4654   stm32f10x_rcc_1.o
      1864        514          0          0          0       6506   stm32f10x_usart.o
         0          0          0         16          0       4149   symbol.o
       328         28          0         20          0       2461   system_stm32f10x.o
      1604        540        170          0          0      11924   thread.o
      1346        352         92         16          0       9947   timer.o
      1438        336         80         24        252      22470   usart.o

    ----------------------------------------------------------------------
     44842       9632       4322        464       5916     581399   Object Totals
         0          0         32          0          0          0   (incl. Generated)
        34          0         10          6          0          0   (incl. Padding)

    ----------------------------------------------------------------------

      Code (inc. data)   RO Data    RW Data    ZI Data      Debug   Library Member Name

        86          0          0          0          0          0   __dczerorl2.o
        28          0          0          0          0         68   _chval.o
       158          0          0          0          0         92   _strtoul.o
        26          0          0          0          0         80   atoi.o
         8          4        133          0          0         68   ctype_o.o
         0          0          0          0          0          0   entry.o
         0          0          0          0          0          0   entry10a.o
         0          0          0          0          0          0   entry11a.o
         4          0          0          0          0          0   entry12b.o
         8          4          0          0          0          0   entry2.o
         4          0          0          0          0          0   entry5.o
         0          0          0          0          0          0   entry7b.o
         0          0          0          0          0          0   entry8b.o
         8          4          0          0          0          0   entry9a.o
         8          4          0          4          0         68   errno.o
        30          0          0          0          0          0   handlers.o
        36          8          0          0          0         68   init.o
        36          0          0          0          0         68   memcpya.o
        36          0          0          0          0        108   memseta.o
        28          0          0          0          0         76   strcmp.o
        14          0          0          0          0         68   strlen.o
        30          0          0          0          0         80   strncmp.o
        24          0          0          0          0         76   strncpy.o
       112          0          0          0          0         88   strtol.o

    ----------------------------------------------------------------------
       688         24        136          4          0       1008   Library Totals
         4          0          3          0          0          0   (incl. Padding)

    ----------------------------------------------------------------------

      Code (inc. data)   RO Data    RW Data    ZI Data      Debug   Library Name

       684         24        133          4          0       1008   mc_w.l

    ----------------------------------------------------------------------
       688         24        136          4          0       1008   Library Totals

    ----------------------------------------------------------------------

==============================================================================


      Code (inc. data)   RO Data    RW Data    ZI Data      Debug   

     45530       9656       4458        468       5916     565687   Grand Totals
     45530       9656       4458        172       5916     565687   ELF Image Totals (compressed)
     45530       9656       4458        172          0          0   ROM Totals

==============================================================================

    Total RO  Size (Code + RO Data)                49988 (  48.82kB)
    Total RW  Size (RW Data + ZI Data)              6384 (   6.23kB)
    Total ROM Size (Code + RO Data + RW Data)      50160 (  48.98kB)

==============================================================================

